Archive member included to satisfy reference by file (symbol)

/opt/st/stm32cubeide_1.10.1/plugins/com.st.stm32cube.ide.mcu.externaltools.gnu-tools-for-stm32.10.3-2021.10.linux64_1.0.0.202111181127/tools/bin/../lib/gcc/arm-none-eabi/10.3.1/../../../../arm-none-eabi/lib/thumb/v7e-m+fp/hard/libc_nano.a(lib_a-errno.o)
                              ./Core/Src/syscalls.o (__errno)
/opt/st/stm32cubeide_1.10.1/plugins/com.st.stm32cube.ide.mcu.externaltools.gnu-tools-for-stm32.10.3-2021.10.linux64_1.0.0.202111181127/tools/bin/../lib/gcc/arm-none-eabi/10.3.1/../../../../arm-none-eabi/lib/thumb/v7e-m+fp/hard/libc_nano.a(lib_a-exit.o)
                              /opt/st/stm32cubeide_1.10.1/plugins/com.st.stm32cube.ide.mcu.externaltools.gnu-tools-for-stm32.10.3-2021.10.linux64_1.0.0.202111181127/tools/bin/../lib/gcc/arm-none-eabi/10.3.1/../../../../arm-none-eabi/lib/thumb/v7e-m+fp/hard/crt0.o (exit)
/opt/st/stm32cubeide_1.10.1/plugins/com.st.stm32cube.ide.mcu.externaltools.gnu-tools-for-stm32.10.3-2021.10.linux64_1.0.0.202111181127/tools/bin/../lib/gcc/arm-none-eabi/10.3.1/../../../../arm-none-eabi/lib/thumb/v7e-m+fp/hard/libc_nano.a(lib_a-impure.o)
                              /opt/st/stm32cubeide_1.10.1/plugins/com.st.stm32cube.ide.mcu.externaltools.gnu-tools-for-stm32.10.3-2021.10.linux64_1.0.0.202111181127/tools/bin/../lib/gcc/arm-none-eabi/10.3.1/../../../../arm-none-eabi/lib/thumb/v7e-m+fp/hard/libc_nano.a(lib_a-exit.o) (_global_impure_ptr)
/opt/st/stm32cubeide_1.10.1/plugins/com.st.stm32cube.ide.mcu.externaltools.gnu-tools-for-stm32.10.3-2021.10.linux64_1.0.0.202111181127/tools/bin/../lib/gcc/arm-none-eabi/10.3.1/../../../../arm-none-eabi/lib/thumb/v7e-m+fp/hard/libc_nano.a(lib_a-init.o)
                              /opt/st/stm32cubeide_1.10.1/plugins/com.st.stm32cube.ide.mcu.externaltools.gnu-tools-for-stm32.10.3-2021.10.linux64_1.0.0.202111181127/tools/bin/../lib/gcc/arm-none-eabi/10.3.1/../../../../arm-none-eabi/lib/thumb/v7e-m+fp/hard/crt0.o (__libc_init_array)
/opt/st/stm32cubeide_1.10.1/plugins/com.st.stm32cube.ide.mcu.externaltools.gnu-tools-for-stm32.10.3-2021.10.linux64_1.0.0.202111181127/tools/bin/../lib/gcc/arm-none-eabi/10.3.1/../../../../arm-none-eabi/lib/thumb/v7e-m+fp/hard/libc_nano.a(lib_a-memset.o)
                              /opt/st/stm32cubeide_1.10.1/plugins/com.st.stm32cube.ide.mcu.externaltools.gnu-tools-for-stm32.10.3-2021.10.linux64_1.0.0.202111181127/tools/bin/../lib/gcc/arm-none-eabi/10.3.1/../../../../arm-none-eabi/lib/thumb/v7e-m+fp/hard/crt0.o (memset)
/opt/st/stm32cubeide_1.10.1/plugins/com.st.stm32cube.ide.mcu.externaltools.gnu-tools-for-stm32.10.3-2021.10.linux64_1.0.0.202111181127/tools/bin/../lib/gcc/arm-none-eabi/10.3.1/../../../../arm-none-eabi/lib/thumb/v7e-m+fp/hard/libc_nano.a(lib_a-printf.o)
                              ./Core/Src/main.o (printf)
/opt/st/stm32cubeide_1.10.1/plugins/com.st.stm32cube.ide.mcu.externaltools.gnu-tools-for-stm32.10.3-2021.10.linux64_1.0.0.202111181127/tools/bin/../lib/gcc/arm-none-eabi/10.3.1/../../../../arm-none-eabi/lib/thumb/v7e-m+fp/hard/libc_nano.a(lib_a-puts.o)
                              ./Core/Src/main.o (puts)
/opt/st/stm32cubeide_1.10.1/plugins/com.st.stm32cube.ide.mcu.externaltools.gnu-tools-for-stm32.10.3-2021.10.linux64_1.0.0.202111181127/tools/bin/../lib/gcc/arm-none-eabi/10.3.1/../../../../arm-none-eabi/lib/thumb/v7e-m+fp/hard/libc_nano.a(lib_a-sprintf.o)
                              ./Core/Src/main.o (sprintf)
/opt/st/stm32cubeide_1.10.1/plugins/com.st.stm32cube.ide.mcu.externaltools.gnu-tools-for-stm32.10.3-2021.10.linux64_1.0.0.202111181127/tools/bin/../lib/gcc/arm-none-eabi/10.3.1/../../../../arm-none-eabi/lib/thumb/v7e-m+fp/hard/libc_nano.a(lib_a-strcat.o)
                              ./Core/Src/main.o (strcat)
/opt/st/stm32cubeide_1.10.1/plugins/com.st.stm32cube.ide.mcu.externaltools.gnu-tools-for-stm32.10.3-2021.10.linux64_1.0.0.202111181127/tools/bin/../lib/gcc/arm-none-eabi/10.3.1/../../../../arm-none-eabi/lib/thumb/v7e-m+fp/hard/libc_nano.a(lib_a-strcmp.o)
                              ./Core/Src/main.o (strcmp)
/opt/st/stm32cubeide_1.10.1/plugins/com.st.stm32cube.ide.mcu.externaltools.gnu-tools-for-stm32.10.3-2021.10.linux64_1.0.0.202111181127/tools/bin/../lib/gcc/arm-none-eabi/10.3.1/../../../../arm-none-eabi/lib/thumb/v7e-m+fp/hard/libc_nano.a(lib_a-strlen.o)
                              ./Core/Src/main.o (strlen)
/opt/st/stm32cubeide_1.10.1/plugins/com.st.stm32cube.ide.mcu.externaltools.gnu-tools-for-stm32.10.3-2021.10.linux64_1.0.0.202111181127/tools/bin/../lib/gcc/arm-none-eabi/10.3.1/../../../../arm-none-eabi/lib/thumb/v7e-m+fp/hard/libc_nano.a(lib_a-wbuf.o)
                              /opt/st/stm32cubeide_1.10.1/plugins/com.st.stm32cube.ide.mcu.externaltools.gnu-tools-for-stm32.10.3-2021.10.linux64_1.0.0.202111181127/tools/bin/../lib/gcc/arm-none-eabi/10.3.1/../../../../arm-none-eabi/lib/thumb/v7e-m+fp/hard/libc_nano.a(lib_a-puts.o) (__swbuf_r)
[...]
Memory Configuration

Name             Origin             Length             Attributes
RAM              0x0000000020000000 0x0000000000020000 xrw
FLASH            0x0000000008000000 0x0000000000080000 xr
*default*        0x0000000000000000 0xffffffffffffffff

Linker script and memory map

LOAD /opt/st/stm32cubeide_1.10.1/plugins/com.st.stm32cube.ide.mcu.externaltools.gnu-tools-for-stm32.10.3-2021.10.linux64_1.0.0.202111181127/tools/bin/../lib/gcc/arm-none-eabi/10.3.1/thumb/v7e-m+fp/hard/crti.o
LOAD /opt/st/stm32cubeide_1.10.1/plugins/com.st.stm32cube.ide.mcu.externaltools.gnu-tools-for-stm32.10.3-2021.10.linux64_1.0.0.202111181127/tools/bin/../lib/gcc/arm-none-eabi/10.3.1/thumb/v7e-m+fp/hard/crtbegin.o
LOAD /opt/st/stm32cubeide_1.10.1/plugins/com.st.stm32cube.ide.mcu.externaltools.gnu-tools-for-stm32.10.3-2021.10.linux64_1.0.0.202111181127/tools/bin/../lib/gcc/arm-none-eabi/10.3.1/../../../../arm-none-eabi/lib/thumb/v7e-m+fp/hard/crt0.o
LOAD ./Core/BMP280.o
LOAD ./Core/Src/BMP280.o
LOAD ./Core/Src/main.o
LOAD ./Core/Src/stm32f4xx_hal_msp.o
LOAD ./Core/Src/stm32f4xx_it.o
LOAD ./Core/Src/syscalls.o
LOAD ./Core/Src/sysmem.o
LOAD ./Core/Src/system_stm32f4xx.o
LOAD ./Core/Startup/startup_stm32f446retx.o
LOAD ./Drivers/STM32F4xx_HAL_Driver/Src/stm32f4xx_hal.o
LOAD ./Drivers/STM32F4xx_HAL_Driver/Src/stm32f4xx_hal_can.o
LOAD ./Drivers/STM32F4xx_HAL_Driver/Src/stm32f4xx_hal_cortex.o
LOAD ./Drivers/STM32F4xx_HAL_Driver/Src/stm32f4xx_hal_dma.o
LOAD ./Drivers/STM32F4xx_HAL_Driver/Src/stm32f4xx_hal_dma_ex.o
LOAD ./Drivers/STM32F4xx_HAL_Driver/Src/stm32f4xx_hal_exti.o
LOAD ./Drivers/STM32F4xx_HAL_Driver/Src/stm32f4xx_hal_flash.o
LOAD ./Drivers/STM32F4xx_HAL_Driver/Src/stm32f4xx_hal_flash_ex.o
LOAD ./Drivers/STM32F4xx_HAL_Driver/Src/stm32f4xx_hal_flash_ramfunc.o
LOAD ./Drivers/STM32F4xx_HAL_Driver/Src/stm32f4xx_hal_gpio.o
LOAD ./Drivers/STM32F4xx_HAL_Driver/Src/stm32f4xx_hal_i2c.o
LOAD ./Drivers/STM32F4xx_HAL_Driver/Src/stm32f4xx_hal_i2c_ex.o
LOAD ./Drivers/STM32F4xx_HAL_Driver/Src/stm32f4xx_hal_pwr.o
LOAD ./Drivers/STM32F4xx_HAL_Driver/Src/stm32f4xx_hal_pwr_ex.o
LOAD ./Drivers/STM32F4xx_HAL_Driver/Src/stm32f4xx_hal_rcc.o
LOAD ./Drivers/STM32F4xx_HAL_Driver/Src/stm32f4xx_hal_rcc_ex.o
LOAD ./Drivers/STM32F4xx_HAL_Driver/Src/stm32f4xx_hal_tim.o
LOAD ./Drivers/STM32F4xx_HAL_Driver/Src/stm32f4xx_hal_tim_ex.o
LOAD ./Drivers/STM32F4xx_HAL_Driver/Src/stm32f4xx_hal_uart.o
START GROUP
LOAD /opt/st/stm32cubeide_1.10.1/plugins/com.st.stm32cube.ide.mcu.externaltools.gnu-tools-for-stm32.10.3-2021.10.linux64_1.0.0.202111181127/tools/bin/../lib/gcc/arm-none-eabi/10.3.1/../../../../arm-none-eabi/lib/thumb/v7e-m+fp/hard/libc_nano.a
LOAD /opt/st/stm32cubeide_1.10.1/plugins/com.st.stm32cube.ide.mcu.externaltools.gnu-tools-for-stm32.10.3-2021.10.linux64_1.0.0.202111181127/tools/bin/../lib/gcc/arm-none-eabi/10.3.1/../../../../arm-none-eabi/lib/thumb/v7e-m+fp/hard/libm.a
END GROUP
START GROUP
LOAD /opt/st/stm32cubeide_1.10.1/plugins/com.st.stm32cube.ide.mcu.externaltools.gnu-tools-for-stm32.10.3-2021.10.linux64_1.0.0.202111181127/tools/bin/../lib/gcc/arm-none-eabi/10.3.1/thumb/v7e-m+fp/hard/libgcc.a
LOAD /opt/st/stm32cubeide_1.10.1/plugins/com.st.stm32cube.ide.mcu.externaltools.gnu-tools-for-stm32.10.3-2021.10.linux64_1.0.0.202111181127/tools/bin/../lib/gcc/arm-none-eabi/10.3.1/../../../../arm-none-eabi/lib/thumb/v7e-m+fp/hard/libc_nano.a
END GROUP
START GROUP
LOAD /opt/st/stm32cubeide_1.10.1/plugins/com.st.stm32cube.ide.mcu.externaltools.gnu-tools-for-stm32.10.3-2021.10.linux64_1.0.0.202111181127/tools/bin/../lib/gcc/arm-none-eabi/10.3.1/thumb/v7e-m+fp/hard/libgcc.a
LOAD /opt/st/stm32cubeide_1.10.1/plugins/com.st.stm32cube.ide.mcu.externaltools.gnu-tools-for-stm32.10.3-2021.10.linux64_1.0.0.202111181127/tools/bin/../lib/gcc/arm-none-eabi/10.3.1/../../../../arm-none-eabi/lib/thumb/v7e-m+fp/hard/libc_nano.a
LOAD /opt/st/stm32cubeide_1.10.1/plugins/com.st.stm32cube.ide.mcu.externaltools.gnu-tools-for-stm32.10.3-2021.10.linux64_1.0.0.202111181127/tools/bin/../lib/gcc/arm-none-eabi/10.3.1/../../../../arm-none-eabi/lib/thumb/v7e-m+fp/hard/libnosys.a
END GROUP
START GROUP
LOAD /opt/st/stm32cubeide_1.10.1/plugins/com.st.stm32cube.ide.mcu.externaltools.gnu-tools-for-stm32.10.3-2021.10.linux64_1.0.0.202111181127/tools/bin/../lib/gcc/arm-none-eabi/10.3.1/thumb/v7e-m+fp/hard/libgcc.a
LOAD /opt/st/stm32cubeide_1.10.1/plugins/com.st.stm32cube.ide.mcu.externaltools.gnu-tools-for-stm32.10.3-2021.10.linux64_1.0.0.202111181127/tools/bin/../lib/gcc/arm-none-eabi/10.3.1/../../../../arm-none-eabi/lib/thumb/v7e-m+fp/hard/libc_nano.a
LOAD /opt/st/stm32cubeide_1.10.1/plugins/com.st.stm32cube.ide.mcu.externaltools.gnu-tools-for-stm32.10.3-2021.10.linux64_1.0.0.202111181127/tools/bin/../lib/gcc/arm-none-eabi/10.3.1/../../../../arm-none-eabi/lib/thumb/v7e-m+fp/hard/libnosys.a
END GROUP
LOAD /opt/st/stm32cubeide_1.10.1/plugins/com.st.stm32cube.ide.mcu.externaltools.gnu-tools-for-stm32.10.3-2021.10.linux64_1.0.0.202111181127/tools/bin/../lib/gcc/arm-none-eabi/10.3.1/thumb/v7e-m+fp/hard/crtend.o
LOAD /opt/st/stm32cubeide_1.10.1/plugins/com.st.stm32cube.ide.mcu.externaltools.gnu-tools-for-stm32.10.3-2021.10.linux64_1.0.0.202111181127/tools/bin/../lib/gcc/arm-none-eabi/10.3.1/thumb/v7e-m+fp/hard/crtn.o
                0x0000000020020000                _estack = (ORIGIN (RAM) + LENGTH (RAM))
                0x0000000000000200                _Min_Heap_Size = 0x200
                0x0000000000000400                _Min_Stack_Size = 0x400

.isr_vector     0x0000000008000000      0x1c4
                0x0000000008000000                . = ALIGN (0x4)
 *(.isr_vector)
 .isr_vector    0x0000000008000000      0x1c4 ./Core/Startup/startup_stm32f446retx.o
                0x0000000008000000                g_pfnVectors
                0x00000000080001c4                . = ALIGN (0x4)

.text           0x00000000080001d0     0x66a4
                0x00000000080001d0                . = ALIGN (0x4)
 *(.text)
 .text          0x00000000080001d0       0x40 /opt/st/stm32cubeide_1.10.1/plugins/com.st.stm32cube.ide.mcu.externaltools.gnu-tools-for-stm32.10.3-2021.10.linux64_1.0.0.202111181127/tools/bin/../lib/gcc/arm-none-eabi/10.3.1/thumb/v7e-m+fp/hard/crtbegin.o
 .text          0x0000000008000210       0x14 /opt/st/stm32cubeide_1.10.1/plugins/com.st.stm32cube.ide.mcu.externaltools.gnu-tools-for-stm32.10.3-2021.10.linux64_1.0.0.202111181127/tools/bin/../lib/gcc/arm-none-eabi/10.3.1/../../../../arm-none-eabi/lib/thumb/v7e-m+fp/hard/libc_nano.a(lib_a-strcmp.o)
                0x0000000008000210                strcmp
 .text          0x0000000008000224       0x10 /opt/st/stm32cubeide_1.10.1/plugins/com.st.stm32cube.ide.mcu.externaltools.gnu-tools-for-stm32.10.3-2021.10.linux64_1.0.0.202111181127/tools/bin/../lib/gcc/arm-none-eabi/10.3.1/../../../../arm-none-eabi/lib/thumb/v7e-m+fp/hard/libc_nano.a(lib_a-strlen.o)
                0x0000000008000224                strlen
 *fill*         0x0000000008000234        0xc 
 .text          0x0000000008000240       0xa0 /opt/st/stm32cubeide_1.10.1/plugins/com.st.stm32cube.ide.mcu.externaltools.gnu-tools-for-stm32.10.3-2021.10.linux64_1.0.0.202111181127/tools/bin/../lib/gcc/arm-none-eabi/10.3.1/../../../../arm-none-eabi/lib/thumb/v7e-m+fp/hard/libc_nano.a(lib_a-memchr.o)
                0x0000000008000240                memchr
 .text          0x00000000080002e0       0x30 /opt/st/stm32cubeide_1.10.1/plugins/com.st.stm32cube.ide.mcu.externaltools.gnu-tools-for-stm32.10.3-2021.10.linux64_1.0.0.202111181127/tools/bin/../lib/gcc/arm-none-eabi/10.3.1/thumb/v7e-m+fp/hard/libgcc.a(_aeabi_uldivmod.o)
                0x00000000080002e0                __aeabi_uldivmod
 .text          0x0000000008000310      0x2d0 /opt/st/stm32cubeide_1.10.1/plugins/com.st.stm32cube.ide.mcu.externaltools.gnu-tools-for-stm32.10.3-2021.10.linux64_1.0.0.202111181127/tools/bin/../lib/gcc/arm-none-eabi/10.3.1/thumb/v7e-m+fp/hard/libgcc.a(_udivmoddi4.o)
                0x0000000008000310                __udivmoddi4
 .text          0x00000000080005e0        0x4 /opt/st/stm32cubeide_1.10.1/plugins/com.st.stm32cube.ide.mcu.externaltools.gnu-tools-for-stm32.10.3-2021.10.linux64_1.0.0.202111181127/tools/bin/../lib/gcc/arm-none-eabi/10.3.1/thumb/v7e-m+fp/hard/libgcc.a(_dvmd_tls.o)
                0x00000000080005e0                __aeabi_ldiv0
                0x00000000080005e0                __aeabi_idiv0
 *(.text*)
 .text.configBMP280
                0x00000000080005e4       0x54 ./Core/Src/main.o
                0x00000000080005e4                configBMP280
 .text.etalonnageBMP280
                0x0000000008000638      0x148 ./Core/Src/main.o
                0x0000000008000638                etalonnageBMP280
 .text.bmp280_compensate_T_int32
                0x0000000008000780       0x84 ./Core/Src/main.o
                0x0000000008000780                bmp280_compensate_T_int32
 .text.read_temp
                0x0000000008000804       0x5c ./Core/Src/main.o
                0x0000000008000804                read_temp
 .text.HAL_UART_RxCpltCallback
                0x0000000008000860      0x25c ./Core/Src/main.o
                0x0000000008000860                HAL_UART_RxCpltCallback
 .text.HAL_TIM_PeriodElapsedCallback
                0x0000000008000abc       0xc8 ./Core/Src/main.o
                0x0000000008000abc                HAL_TIM_PeriodElapsedCallback
 .text.config_CAN
                0x0000000008000b84       0x40 ./Core/Src/main.o
                0x0000000008000b84                config_CAN
 .text.main     0x0000000008000bc4       0x84 ./Core/Src/main.o
                0x0000000008000bc4                main
 .text.SystemClock_Config
                0x0000000008000c48       0xd8 ./Core/Src/main.o
                0x0000000008000c48                SystemClock_Config
 .text.MX_CAN1_Init
                0x0000000008000d20       0x6c ./Core/Src/main.o
 .text.MX_I2C1_Init
                0x0000000008000d8c       0x5c ./Core/Src/main.o
 .text.MX_TIM13_Init
                0x0000000008000de8       0x48 ./Core/Src/main.o
 .text.MX_USART2_UART_Init
                0x0000000008000e30       0x54 ./Core/Src/main.o
 .text.MX_USART3_UART_Init
                0x0000000008000e84       0x54 ./Core/Src/main.o
 .text.MX_DMA_Init
                0x0000000008000ed8       0x40 ./Core/Src/main.o
 .text.MX_GPIO_Init
                0x0000000008000f18       0xdc ./Core/Src/main.o
 .text.Error_Handler
                0x0000000008000ff4        0xa ./Core/Src/main.o
                0x0000000008000ff4                Error_Handler
 *fill*         0x0000000008000ffe        0x2 
 .text.HAL_MspInit
                0x0000000008001000       0x50 ./Core/Src/stm32f4xx_hal_msp.o
                0x0000000008001000                HAL_MspInit
 .text.HAL_CAN_MspInit
                0x0000000008001050       0x90 ./Core/Src/stm32f4xx_hal_msp.o
                0x0000000008001050                HAL_CAN_MspInit
 .text.HAL_I2C_MspInit
                0x00000000080010e0       0x90 ./Core/Src/stm32f4xx_hal_msp.o
                0x00000000080010e0                HAL_I2C_MspInit
 .text.HAL_TIM_Base_MspInit
                0x0000000008001170       0x50 ./Core/Src/stm32f4xx_hal_msp.o
                0x0000000008001170                HAL_TIM_Base_MspInit
 .text.HAL_UART_MspInit
                0x00000000080011c0      0x1a0 ./Core/Src/stm32f4xx_hal_msp.o
                0x00000000080011c0                HAL_UART_MspInit
 .text.__io_putchar
                0x0000000008001360       0x24 ./Core/Src/stm32f4xx_hal_msp.o
                0x0000000008001360                __io_putchar
 .text.NMI_Handler
                0x0000000008001384        0x6 ./Core/Src/stm32f4xx_it.o
                0x0000000008001384                NMI_Handler
 .text.HardFault_Handler
                0x000000000800138a        0x6 ./Core/Src/stm32f4xx_it.o
                0x000000000800138a                HardFault_Handler
 .text.MemManage_Handler
                0x0000000008001390        0x6 ./Core/Src/stm32f4xx_it.o
                0x0000000008001390                MemManage_Handler
 .text.BusFault_Handler
                0x0000000008001396        0x6 ./Core/Src/stm32f4xx_it.o
                0x0000000008001396                BusFault_Handler
 .text.UsageFault_Handler
                0x000000000800139c        0x6 ./Core/Src/stm32f4xx_it.o
                0x000000000800139c                UsageFault_Handler
 .text.SVC_Handler
                0x00000000080013a2        0xe ./Core/Src/stm32f4xx_it.o
                0x00000000080013a2                SVC_Handler
 .text.DebugMon_Handler
                0x00000000080013b0        0xe ./Core/Src/stm32f4xx_it.o
                0x00000000080013b0                DebugMon_Handler
 .text.PendSV_Handler
                0x00000000080013be        0xe ./Core/Src/stm32f4xx_it.o
                0x00000000080013be                PendSV_Handler
 .text.SysTick_Handler
                0x00000000080013cc        0xc ./Core/Src/stm32f4xx_it.o
                0x00000000080013cc                SysTick_Handler
 .text.DMA1_Stream1_IRQHandler
                0x00000000080013d8       0x14 ./Core/Src/stm32f4xx_it.o
                0x00000000080013d8                DMA1_Stream1_IRQHandler
 .text.TIM8_UP_TIM13_IRQHandler
                0x00000000080013ec       0x14 ./Core/Src/stm32f4xx_it.o
                0x00000000080013ec                TIM8_UP_TIM13_IRQHandler
 .text._read    0x0000000008001400       0x3a ./Core/Src/syscalls.o
                0x0000000008001400                _read
 .text._write   0x000000000800143a       0x38 ./Core/Src/syscalls.o
                0x000000000800143a                _write
 .text._close   0x0000000008001472       0x18 ./Core/Src/syscalls.o
                0x0000000008001472                _close
 .text._fstat   0x000000000800148a       0x20 ./Core/Src/syscalls.o
                0x000000000800148a                _fstat
 .text._isatty  0x00000000080014aa       0x16 ./Core/Src/syscalls.o
                0x00000000080014aa                _isatty
 .text._lseek   0x00000000080014c0       0x1a ./Core/Src/syscalls.o
                0x00000000080014c0                _lseek
 *fill*         0x00000000080014da        0x2 
 .text._sbrk    0x00000000080014dc       0x6c ./Core/Src/sysmem.o
                0x00000000080014dc                _sbrk
 .text.SystemInit
                0x0000000008001548       0x24 ./Core/Src/system_stm32f4xx.o
                0x0000000008001548                SystemInit
 .text.Reset_Handler
                0x000000000800156c       0x50 ./Core/Startup/startup_stm32f446retx.o
                0x000000000800156c                Reset_Handler
 .text.Default_Handler
                0x00000000080015bc        0x2 ./Core/Startup/startup_stm32f446retx.o
                0x00000000080015bc                RTC_Alarm_IRQHandler
                0x00000000080015bc                EXTI2_IRQHandler
                0x00000000080015bc                TIM8_CC_IRQHandler
                0x00000000080015bc                FMPI2C1_EV_IRQHandler
                0x00000000080015bc                SPI4_IRQHandler
                0x00000000080015bc                TIM1_CC_IRQHandler
                0x00000000080015bc                DMA2_Stream5_IRQHandler
                0x00000000080015bc                DMA1_Stream5_IRQHandler
                0x00000000080015bc                PVD_IRQHandler
                0x00000000080015bc                SDIO_IRQHandler
                0x00000000080015bc                TAMP_STAMP_IRQHandler
                0x00000000080015bc                CAN2_RX1_IRQHandler
                0x00000000080015bc                EXTI3_IRQHandler
                0x00000000080015bc                TIM8_TRG_COM_TIM14_IRQHandler
                0x00000000080015bc                TIM1_UP_TIM10_IRQHandler
                0x00000000080015bc                I2C3_ER_IRQHandler
                0x00000000080015bc                EXTI0_IRQHandler
                0x00000000080015bc                I2C2_EV_IRQHandler
                0x00000000080015bc                DMA1_Stream2_IRQHandler
                0x00000000080015bc                CAN1_RX0_IRQHandler
                0x00000000080015bc                FPU_IRQHandler
                0x00000000080015bc                OTG_HS_WKUP_IRQHandler
                0x00000000080015bc                CAN2_SCE_IRQHandler
                0x00000000080015bc                DMA2_Stream2_IRQHandler
                0x00000000080015bc                SPI1_IRQHandler
                0x00000000080015bc                TIM6_DAC_IRQHandler
                0x00000000080015bc                TIM1_BRK_TIM9_IRQHandler
                0x00000000080015bc                DCMI_IRQHandler
                0x00000000080015bc                CAN2_RX0_IRQHandler
                0x00000000080015bc                DMA2_Stream3_IRQHandler
                0x00000000080015bc                SAI2_IRQHandler
                0x00000000080015bc                USART6_IRQHandler
                0x00000000080015bc                USART3_IRQHandler
                0x00000000080015bc                CAN1_RX1_IRQHandler
                0x00000000080015bc                UART5_IRQHandler
                0x00000000080015bc                DMA2_Stream0_IRQHandler
                0x00000000080015bc                TIM4_IRQHandler
                0x00000000080015bc                QUADSPI_IRQHandler
                0x00000000080015bc                I2C1_EV_IRQHandler
                0x00000000080015bc                DMA1_Stream6_IRQHandler
                0x00000000080015bc                UART4_IRQHandler
                0x00000000080015bc                TIM3_IRQHandler
                0x00000000080015bc                RCC_IRQHandler
                0x00000000080015bc                TIM8_BRK_TIM12_IRQHandler
                0x00000000080015bc                Default_Handler
                0x00000000080015bc                CEC_IRQHandler
                0x00000000080015bc                EXTI15_10_IRQHandler
                0x00000000080015bc                ADC_IRQHandler
                0x00000000080015bc                DMA1_Stream7_IRQHandler
                0x00000000080015bc                TIM7_IRQHandler
                0x00000000080015bc                CAN2_TX_IRQHandler
                0x00000000080015bc                TIM5_IRQHandler
                0x00000000080015bc                DMA2_Stream7_IRQHandler
                0x00000000080015bc                I2C3_EV_IRQHandler
                0x00000000080015bc                EXTI9_5_IRQHandler
                0x00000000080015bc                RTC_WKUP_IRQHandler
                0x00000000080015bc                SPDIF_RX_IRQHandler
                0x00000000080015bc                SPI2_IRQHandler
                0x00000000080015bc                OTG_HS_EP1_IN_IRQHandler
                0x00000000080015bc                DMA1_Stream0_IRQHandler
                0x00000000080015bc                CAN1_TX_IRQHandler
                0x00000000080015bc                FMPI2C1_ER_IRQHandler
                0x00000000080015bc                EXTI4_IRQHandler
                0x00000000080015bc                OTG_HS_EP1_OUT_IRQHandler
                0x00000000080015bc                WWDG_IRQHandler
                0x00000000080015bc                TIM2_IRQHandler
                0x00000000080015bc                OTG_FS_WKUP_IRQHandler
                0x00000000080015bc                TIM1_TRG_COM_TIM11_IRQHandler
                0x00000000080015bc                OTG_HS_IRQHandler
                0x00000000080015bc                EXTI1_IRQHandler
                0x00000000080015bc                USART2_IRQHandler
                0x00000000080015bc                I2C2_ER_IRQHandler
                0x00000000080015bc                DMA2_Stream1_IRQHandler
                0x00000000080015bc                CAN1_SCE_IRQHandler
                0x00000000080015bc                FLASH_IRQHandler
                0x00000000080015bc                DMA2_Stream4_IRQHandler
                0x00000000080015bc                USART1_IRQHandler
                0x00000000080015bc                OTG_FS_IRQHandler
                0x00000000080015bc                SPI3_IRQHandler
                0x00000000080015bc                DMA1_Stream4_IRQHandler
                0x00000000080015bc                I2C1_ER_IRQHandler
                0x00000000080015bc                FMC_IRQHandler
                0x00000000080015bc                DMA2_Stream6_IRQHandler
                0x00000000080015bc                SAI1_IRQHandler
                0x00000000080015bc                DMA1_Stream3_IRQHandler
 *fill*         0x00000000080015be        0x2 
 .text.HAL_Init
                0x00000000080015c0       0x44 ./Drivers/STM32F4xx_HAL_Driver/Src/stm32f4xx_hal.o
                0x00000000080015c0                HAL_Init
 .text.HAL_InitTick
                0x0000000008001604       0x60 ./Drivers/STM32F4xx_HAL_Driver/Src/stm32f4xx_hal.o
                0x0000000008001604                HAL_InitTick
 .text.HAL_IncTick
                0x0000000008001664       0x28 ./Drivers/STM32F4xx_HAL_Driver/Src/stm32f4xx_hal.o
                0x0000000008001664                HAL_IncTick
 .text.HAL_GetTick
                0x000000000800168c       0x18 ./Drivers/STM32F4xx_HAL_Driver/Src/stm32f4xx_hal.o
                0x000000000800168c                HAL_GetTick
 .text.HAL_CAN_Init
                0x00000000080016a4      0x1f6 ./Drivers/STM32F4xx_HAL_Driver/Src/stm32f4xx_hal_can.o
                0x00000000080016a4                HAL_CAN_Init
 .text.HAL_CAN_Start
                0x000000000800189a       0x88 ./Drivers/STM32F4xx_HAL_Driver/Src/stm32f4xx_hal_can.o
                0x000000000800189a                HAL_CAN_Start
 .text.HAL_CAN_AddTxMessage
                0x0000000008001922      0x1b6 ./Drivers/STM32F4xx_HAL_Driver/Src/stm32f4xx_hal_can.o
                0x0000000008001922                HAL_CAN_AddTxMessage
 .text.__NVIC_SetPriorityGrouping
                0x0000000008001ad8       0x48 ./Drivers/STM32F4xx_HAL_Driver/Src/stm32f4xx_hal_cortex.o
 .text.__NVIC_GetPriorityGrouping
                0x0000000008001b20       0x1c ./Drivers/STM32F4xx_HAL_Driver/Src/stm32f4xx_hal_cortex.o
 .text.__NVIC_EnableIRQ
                0x0000000008001b3c       0x3c ./Drivers/STM32F4xx_HAL_Driver/Src/stm32f4xx_hal_cortex.o
 .text.__NVIC_SetPriority
                0x0000000008001b78       0x54 ./Drivers/STM32F4xx_HAL_Driver/Src/stm32f4xx_hal_cortex.o
 .text.NVIC_EncodePriority
                0x0000000008001bcc       0x66 ./Drivers/STM32F4xx_HAL_Driver/Src/stm32f4xx_hal_cortex.o
 *fill*         0x0000000008001c32        0x2 
 .text.SysTick_Config
                0x0000000008001c34       0x44 ./Drivers/STM32F4xx_HAL_Driver/Src/stm32f4xx_hal_cortex.o
 .text.HAL_NVIC_SetPriorityGrouping
                0x0000000008001c78       0x16 ./Drivers/STM32F4xx_HAL_Driver/Src/stm32f4xx_hal_cortex.o
                0x0000000008001c78                HAL_NVIC_SetPriorityGrouping
 .text.HAL_NVIC_SetPriority
                0x0000000008001c8e       0x38 ./Drivers/STM32F4xx_HAL_Driver/Src/stm32f4xx_hal_cortex.o
                0x0000000008001c8e                HAL_NVIC_SetPriority
 .text.HAL_NVIC_EnableIRQ
                0x0000000008001cc6       0x1c ./Drivers/STM32F4xx_HAL_Driver/Src/stm32f4xx_hal_cortex.o
                0x0000000008001cc6                HAL_NVIC_EnableIRQ
 .text.HAL_SYSTICK_Config
                0x0000000008001ce2       0x18 ./Drivers/STM32F4xx_HAL_Driver/Src/stm32f4xx_hal_cortex.o
                0x0000000008001ce2                HAL_SYSTICK_Config
 *fill*         0x0000000008001cfa        0x2 
 .text.HAL_DMA_Init
                0x0000000008001cfc      0x15c ./Drivers/STM32F4xx_HAL_Driver/Src/stm32f4xx_hal_dma.o
                0x0000000008001cfc                HAL_DMA_Init
 .text.HAL_DMA_Start_IT
                0x0000000008001e58       0xb0 ./Drivers/STM32F4xx_HAL_Driver/Src/stm32f4xx_hal_dma.o
                0x0000000008001e58                HAL_DMA_Start_IT
 .text.HAL_DMA_IRQHandler
                0x0000000008001f08      0x314 ./Drivers/STM32F4xx_HAL_Driver/Src/stm32f4xx_hal_dma.o
                0x0000000008001f08                HAL_DMA_IRQHandler
 .text.DMA_SetConfig
                0x000000000800221c       0x5c ./Drivers/STM32F4xx_HAL_Driver/Src/stm32f4xx_hal_dma.o
 .text.DMA_CalcBaseAndBitshift
                0x0000000008002278       0x6c ./Drivers/STM32F4xx_HAL_Driver/Src/stm32f4xx_hal_dma.o
 .text.DMA_CheckFifoParam
                0x00000000080022e4       0xf8 ./Drivers/STM32F4xx_HAL_Driver/Src/stm32f4xx_hal_dma.o
 .text.HAL_GPIO_Init
                0x00000000080023dc      0x328 ./Drivers/STM32F4xx_HAL_Driver/Src/stm32f4xx_hal_gpio.o
                0x00000000080023dc                HAL_GPIO_Init
 .text.HAL_GPIO_WritePin
                0x0000000008002704       0x32 ./Drivers/STM32F4xx_HAL_Driver/Src/stm32f4xx_hal_gpio.o
                0x0000000008002704                HAL_GPIO_WritePin
 .text.HAL_GPIO_TogglePin
                0x0000000008002736       0x34 ./Drivers/STM32F4xx_HAL_Driver/Src/stm32f4xx_hal_gpio.o
                0x0000000008002736                HAL_GPIO_TogglePin
 *fill*         0x000000000800276a        0x2 
 .text.HAL_I2C_Init
                0x000000000800276c      0x288 ./Drivers/STM32F4xx_HAL_Driver/Src/stm32f4xx_hal_i2c.o
                0x000000000800276c                HAL_I2C_Init
 .text.HAL_I2C_Master_Transmit
                0x00000000080029f4      0x1fc ./Drivers/STM32F4xx_HAL_Driver/Src/stm32f4xx_hal_i2c.o
                0x00000000080029f4                HAL_I2C_Master_Transmit
 .text.HAL_I2C_Master_Receive
                0x0000000008002bf0      0x44c ./Drivers/STM32F4xx_HAL_Driver/Src/stm32f4xx_hal_i2c.o
                0x0000000008002bf0                HAL_I2C_Master_Receive
 .text.I2C_MasterRequestWrite
                0x000000000800303c      0x104 ./Drivers/STM32F4xx_HAL_Driver/Src/stm32f4xx_hal_i2c.o
 .text.I2C_MasterRequestRead
                0x0000000008003140      0x19c ./Drivers/STM32F4xx_HAL_Driver/Src/stm32f4xx_hal_i2c.o
 .text.I2C_WaitOnFlagUntilTimeout
                0x00000000080032dc       0xae ./Drivers/STM32F4xx_HAL_Driver/Src/stm32f4xx_hal_i2c.o
 .text.I2C_WaitOnMasterAddressFlagUntilTimeout
                0x000000000800338a       0xfe ./Drivers/STM32F4xx_HAL_Driver/Src/stm32f4xx_hal_i2c.o
 .text.I2C_WaitOnTXEFlagUntilTimeout
                0x0000000008003488       0x82 ./Drivers/STM32F4xx_HAL_Driver/Src/stm32f4xx_hal_i2c.o
 .text.I2C_WaitOnBTFFlagUntilTimeout
                0x000000000800350a       0x82 ./Drivers/STM32F4xx_HAL_Driver/Src/stm32f4xx_hal_i2c.o
 .text.I2C_WaitOnRXNEFlagUntilTimeout
                0x000000000800358c       0xac ./Drivers/STM32F4xx_HAL_Driver/Src/stm32f4xx_hal_i2c.o
 .text.I2C_IsAcknowledgeFailed
                0x0000000008003638       0x5e ./Drivers/STM32F4xx_HAL_Driver/Src/stm32f4xx_hal_i2c.o
 *fill*         0x0000000008003696        0x2 
 .text.HAL_RCC_ClockConfig
                0x0000000008003698      0x1cc ./Drivers/STM32F4xx_HAL_Driver/Src/stm32f4xx_hal_rcc.o
                0x0000000008003698                HAL_RCC_ClockConfig
 .text.HAL_RCC_GetHCLKFreq
                0x0000000008003864       0x18 ./Drivers/STM32F4xx_HAL_Driver/Src/stm32f4xx_hal_rcc.o
                0x0000000008003864                HAL_RCC_GetHCLKFreq
 .text.HAL_RCC_GetPCLK1Freq
                0x000000000800387c       0x28 ./Drivers/STM32F4xx_HAL_Driver/Src/stm32f4xx_hal_rcc.o
                0x000000000800387c                HAL_RCC_GetPCLK1Freq
 .text.HAL_RCC_GetPCLK2Freq
                0x00000000080038a4       0x28 ./Drivers/STM32F4xx_HAL_Driver/Src/stm32f4xx_hal_rcc.o
                0x00000000080038a4                HAL_RCC_GetPCLK2Freq
 .text.HAL_RCC_GetSysClockFreq
                0x00000000080038cc      0x460 ./Drivers/STM32F4xx_HAL_Driver/Src/stm32f4xx_hal_rcc_ex.o
                0x00000000080038cc                HAL_RCC_GetSysClockFreq
 .text.HAL_RCC_OscConfig
                0x0000000008003d2c      0x53c ./Drivers/STM32F4xx_HAL_Driver/Src/stm32f4xx_hal_rcc_ex.o
                0x0000000008003d2c                HAL_RCC_OscConfig
 .text.HAL_TIM_Base_Init
                0x0000000008004268       0x9e ./Drivers/STM32F4xx_HAL_Driver/Src/stm32f4xx_hal_tim.o
                0x0000000008004268                HAL_TIM_Base_Init
 *fill*         0x0000000008004306        0x2 
 .text.HAL_TIM_Base_Start_IT
                0x0000000008004308       0xe0 ./Drivers/STM32F4xx_HAL_Driver/Src/stm32f4xx_hal_tim.o
                0x0000000008004308                HAL_TIM_Base_Start_IT
 .text.HAL_TIM_IRQHandler
                0x00000000080043e8      0x210 ./Drivers/STM32F4xx_HAL_Driver/Src/stm32f4xx_hal_tim.o
                0x00000000080043e8                HAL_TIM_IRQHandler
 .text.HAL_TIM_OC_DelayElapsedCallback
                0x00000000080045f8       0x14 ./Drivers/STM32F4xx_HAL_Driver/Src/stm32f4xx_hal_tim.o
                0x00000000080045f8                HAL_TIM_OC_DelayElapsedCallback
 .text.HAL_TIM_IC_CaptureCallback
                0x000000000800460c       0x14 ./Drivers/STM32F4xx_HAL_Driver/Src/stm32f4xx_hal_tim.o
                0x000000000800460c                HAL_TIM_IC_CaptureCallback
 .text.HAL_TIM_PWM_PulseFinishedCallback
                0x0000000008004620       0x14 ./Drivers/STM32F4xx_HAL_Driver/Src/stm32f4xx_hal_tim.o
                0x0000000008004620                HAL_TIM_PWM_PulseFinishedCallback
 .text.HAL_TIM_TriggerCallback
                0x0000000008004634       0x14 ./Drivers/STM32F4xx_HAL_Driver/Src/stm32f4xx_hal_tim.o
                0x0000000008004634                HAL_TIM_TriggerCallback
 .text.TIM_Base_SetConfig
                0x0000000008004648      0x140 ./Drivers/STM32F4xx_HAL_Driver/Src/stm32f4xx_hal_tim.o
                0x0000000008004648                TIM_Base_SetConfig
 .text.HAL_TIMEx_CommutCallback
                0x0000000008004788       0x14 ./Drivers/STM32F4xx_HAL_Driver/Src/stm32f4xx_hal_tim_ex.o
                0x0000000008004788                HAL_TIMEx_CommutCallback
 .text.HAL_TIMEx_BreakCallback
                0x000000000800479c       0x14 ./Drivers/STM32F4xx_HAL_Driver/Src/stm32f4xx_hal_tim_ex.o
                0x000000000800479c                HAL_TIMEx_BreakCallback
 .text.HAL_UART_Init
                0x00000000080047b0       0x9a ./Drivers/STM32F4xx_HAL_Driver/Src/stm32f4xx_hal_uart.o
                0x00000000080047b0                HAL_UART_Init
 .text.HAL_UART_Transmit
                0x000000000800484a      0x124 ./Drivers/STM32F4xx_HAL_Driver/Src/stm32f4xx_hal_uart.o
                0x000000000800484a                HAL_UART_Transmit
 .text.HAL_UART_Receive_DMA
                0x000000000800496e       0x60 ./Drivers/STM32F4xx_HAL_Driver/Src/stm32f4xx_hal_uart.o
                0x000000000800496e                HAL_UART_Receive_DMA
 .text.HAL_UART_RxHalfCpltCallback
                0x00000000080049ce       0x14 ./Drivers/STM32F4xx_HAL_Driver/Src/stm32f4xx_hal_uart.o
                0x00000000080049ce                HAL_UART_RxHalfCpltCallback
 .text.HAL_UART_ErrorCallback
                0x00000000080049e2       0x14 ./Drivers/STM32F4xx_HAL_Driver/Src/stm32f4xx_hal_uart.o
                0x00000000080049e2                HAL_UART_ErrorCallback
 .text.HAL_UARTEx_RxEventCallback
                0x00000000080049f6       0x18 ./Drivers/STM32F4xx_HAL_Driver/Src/stm32f4xx_hal_uart.o
                0x00000000080049f6                HAL_UARTEx_RxEventCallback
 .text.UART_DMAReceiveCplt
                0x0000000008004a0e      0x126 ./Drivers/STM32F4xx_HAL_Driver/Src/stm32f4xx_hal_uart.o
 .text.UART_DMARxHalfCplt
                0x0000000008004b34       0x36 ./Drivers/STM32F4xx_HAL_Driver/Src/stm32f4xx_hal_uart.o
 .text.UART_DMAError
                0x0000000008004b6a       0x94 ./Drivers/STM32F4xx_HAL_Driver/Src/stm32f4xx_hal_uart.o
 .text.UART_WaitOnFlagUntilTimeout
                0x0000000008004bfe       0xdc ./Drivers/STM32F4xx_HAL_Driver/Src/stm32f4xx_hal_uart.o
 *fill*         0x0000000008004cda        0x2 
 .text.UART_Start_Receive_DMA
                0x0000000008004cdc      0x13c ./Drivers/STM32F4xx_HAL_Driver/Src/stm32f4xx_hal_uart.o
                0x0000000008004cdc                UART_Start_Receive_DMA
 .text.UART_EndTxTransfer
                0x0000000008004e18       0x50 ./Drivers/STM32F4xx_HAL_Driver/Src/stm32f4xx_hal_uart.o
 .text.UART_EndRxTransfer
                0x0000000008004e68       0xc6 ./Drivers/STM32F4xx_HAL_Driver/Src/stm32f4xx_hal_uart.o
 *fill*         0x0000000008004f2e        0x2 
 .text.UART_SetConfig
                0x0000000008004f30      0x4e8 ./Drivers/STM32F4xx_HAL_Driver/Src/stm32f4xx_hal_uart.o
 .text.__errno  0x0000000008005418        0xc /opt/st/stm32cubeide_1.10.1/plugins/com.st.stm32cube.ide.mcu.externaltools.gnu-tools-for-stm32.10.3-2021.10.linux64_1.0.0.202111181127/tools/bin/../lib/gcc/arm-none-eabi/10.3.1/../../../../arm-none-eabi/lib/thumb/v7e-m+fp/hard/libc_nano.a(lib_a-errno.o)
                0x0000000008005418                __errno
 .text.__libc_init_array
                0x0000000008005424       0x48 /opt/st/stm32cubeide_1.10.1/plugins/com.st.stm32cube.ide.mcu.externaltools.gnu-tools-for-stm32.10.3-2021.10.linux64_1.0.0.202111181127/tools/bin/../lib/gcc/arm-none-eabi/10.3.1/../../../../arm-none-eabi/lib/thumb/v7e-m+fp/hard/libc_nano.a(lib_a-init.o)
                0x0000000008005424                __libc_init_array
 .text.memset   0x000000000800546c       0x10 /opt/st/stm32cubeide_1.10.1/plugins/com.st.stm32cube.ide.mcu.externaltools.gnu-tools-for-stm32.10.3-2021.10.linux64_1.0.0.202111181127/tools/bin/../lib/gcc/arm-none-eabi/10.3.1/../../../../arm-none-eabi/lib/thumb/v7e-m+fp/hard/libc_nano.a(lib_a-memset.o)
                0x000000000800546c                memset
 .text.printf   0x000000000800547c       0x30 /opt/st/stm32cubeide_1.10.1/plugins/com.st.stm32cube.ide.mcu.externaltools.gnu-tools-for-stm32.10.3-2021.10.linux64_1.0.0.202111181127/tools/bin/../lib/gcc/arm-none-eabi/10.3.1/../../../../arm-none-eabi/lib/thumb/v7e-m+fp/hard/libc_nano.a(lib_a-printf.o)
                0x000000000800547c                printf
                0x000000000800547c                iprintf
 .text._puts_r  0x00000000080054ac       0xdc /opt/st/stm32cubeide_1.10.1/plugins/com.st.stm32cube.ide.mcu.externaltools.gnu-tools-for-stm32.10.3-2021.10.linux64_1.0.0.202111181127/tools/bin/../lib/gcc/arm-none-eabi/10.3.1/../../../../arm-none-eabi/lib/thumb/v7e-m+fp/hard/libc_nano.a(lib_a-puts.o)
                0x00000000080054ac                _puts_r
 .text.puts     0x0000000008005588       0x10 /opt/st/stm32cubeide_1.10.1/plugins/com.st.stm32cube.ide.mcu.externaltools.gnu-tools-for-stm32.10.3-2021.10.linux64_1.0.0.202111181127/tools/bin/../lib/gcc/arm-none-eabi/10.3.1/../../../../arm-none-eabi/lib/thumb/v7e-m+fp/hard/libc_nano.a(lib_a-puts.o)
                0x0000000008005588                puts
 .text.sprintf  0x0000000008005598       0x40 /opt/st/stm32cubeide_1.10.1/plugins/com.st.stm32cube.ide.mcu.externaltools.gnu-tools-for-stm32.10.3-2021.10.linux64_1.0.0.202111181127/tools/bin/../lib/gcc/arm-none-eabi/10.3.1/../../../../arm-none-eabi/lib/thumb/v7e-m+fp/hard/libc_nano.a(lib_a-sprintf.o)
                0x0000000008005598                sprintf
                0x0000000008005598                siprintf
 .text.strcat   0x00000000080055d8       0x1e /opt/st/stm32cubeide_1.10.1/plugins/com.st.stm32cube.ide.mcu.externaltools.gnu-tools-for-stm32.10.3-2021.10.linux64_1.0.0.202111181127/tools/bin/../lib/gcc/arm-none-eabi/10.3.1/../../../../arm-none-eabi/lib/thumb/v7e-m+fp/hard/libc_nano.a(lib_a-strcat.o)
                0x00000000080055d8                strcat
 *fill*         0x00000000080055f6        0x2 
 .text.__swbuf_r
                0x00000000080055f8       0xa4 /opt/st/stm32cubeide_1.10.1/plugins/com.st.stm32cube.ide.mcu.externaltools.gnu-tools-for-stm32.10.3-2021.10.linux64_1.0.0.202111181127/tools/bin/../lib/gcc/arm-none-eabi/10.3.1/../../../../arm-none-eabi/lib/thumb/v7e-m+fp/hard/libc_nano.a(lib_a-wbuf.o)
                0x00000000080055f8                __swbuf_r
 .text.__swsetup_r
                0x000000000800569c       0xdc /opt/st/stm32cubeide_1.10.1/plugins/com.st.stm32cube.ide.mcu.externaltools.gnu-tools-for-stm32.10.3-2021.10.linux64_1.0.0.202111181127/tools/bin/../lib/gcc/arm-none-eabi/10.3.1/../../../../arm-none-eabi/lib/thumb/v7e-m+fp/hard/libc_nano.a(lib_a-wsetup.o)
                0x000000000800569c                __swsetup_r
 .text.__sflush_r
                0x0000000008005778      0x10c /opt/st/stm32cubeide_1.10.1/plugins/com.st.stm32cube.ide.mcu.externaltools.gnu-tools-for-stm32.10.3-2021.10.linux64_1.0.0.202111181127/tools/bin/../lib/gcc/arm-none-eabi/10.3.1/../../../../arm-none-eabi/lib/thumb/v7e-m+fp/hard/libc_nano.a(lib_a-fflush.o)
                0x0000000008005778                __sflush_r
 .text._fflush_r
                0x0000000008005884       0x78 /opt/st/stm32cubeide_1.10.1/plugins/com.st.stm32cube.ide.mcu.externaltools.gnu-tools-for-stm32.10.3-2021.10.linux64_1.0.0.202111181127/tools/bin/../lib/gcc/arm-none-eabi/10.3.1/../../../../arm-none-eabi/lib/thumb/v7e-m+fp/hard/libc_nano.a(lib_a-fflush.o)
                0x0000000008005884                _fflush_r
 .text.std      0x00000000080058fc       0x48 /opt/st/stm32cubeide_1.10.1/plugins/com.st.stm32cube.ide.mcu.externaltools.gnu-tools-for-stm32.10.3-2021.10.linux64_1.0.0.202111181127/tools/bin/../lib/gcc/arm-none-eabi/10.3.1/../../../../arm-none-eabi/lib/thumb/v7e-m+fp/hard/libc_nano.a(lib_a-findfp.o)
 .text._cleanup_r
                0x0000000008005944        0xc /opt/st/stm32cubeide_1.10.1/plugins/com.st.stm32cube.ide.mcu.externaltools.gnu-tools-for-stm32.10.3-2021.10.linux64_1.0.0.202111181127/tools/bin/../lib/gcc/arm-none-eabi/10.3.1/../../../../arm-none-eabi/lib/thumb/v7e-m+fp/hard/libc_nano.a(lib_a-findfp.o)
                0x0000000008005944                _cleanup_r
 .text.__sfmoreglue
                0x0000000008005950       0x2c /opt/st/stm32cubeide_1.10.1/plugins/com.st.stm32cube.ide.mcu.externaltools.gnu-tools-for-stm32.10.3-2021.10.linux64_1.0.0.202111181127/tools/bin/../lib/gcc/arm-none-eabi/10.3.1/../../../../arm-none-eabi/lib/thumb/v7e-m+fp/hard/libc_nano.a(lib_a-findfp.o)
                0x0000000008005950                __sfmoreglue
 .text.__sfp_lock_acquire
                0x000000000800597c        0xc /opt/st/stm32cubeide_1.10.1/plugins/com.st.stm32cube.ide.mcu.externaltools.gnu-tools-for-stm32.10.3-2021.10.linux64_1.0.0.202111181127/tools/bin/../lib/gcc/arm-none-eabi/10.3.1/../../../../arm-none-eabi/lib/thumb/v7e-m+fp/hard/libc_nano.a(lib_a-findfp.o)
                0x000000000800597c                __sfp_lock_acquire
 .text.__sfp_lock_release
                0x0000000008005988        0xc /opt/st/stm32cubeide_1.10.1/plugins/com.st.stm32cube.ide.mcu.externaltools.gnu-tools-for-stm32.10.3-2021.10.linux64_1.0.0.202111181127/tools/bin/../lib/gcc/arm-none-eabi/10.3.1/../../../../arm-none-eabi/lib/thumb/v7e-m+fp/hard/libc_nano.a(lib_a-findfp.o)
                0x0000000008005988                __sfp_lock_release
 .text.__sinit_lock_acquire
                0x0000000008005994        0xc /opt/st/stm32cubeide_1.10.1/plugins/com.st.stm32cube.ide.mcu.externaltools.gnu-tools-for-stm32.10.3-2021.10.linux64_1.0.0.202111181127/tools/bin/../lib/gcc/arm-none-eabi/10.3.1/../../../../arm-none-eabi/lib/thumb/v7e-m+fp/hard/libc_nano.a(lib_a-findfp.o)
                0x0000000008005994                __sinit_lock_acquire
 .text.__sinit_lock_release
                0x00000000080059a0        0xc /opt/st/stm32cubeide_1.10.1/plugins/com.st.stm32cube.ide.mcu.externaltools.gnu-tools-for-stm32.10.3-2021.10.linux64_1.0.0.202111181127/tools/bin/../lib/gcc/arm-none-eabi/10.3.1/../../../../arm-none-eabi/lib/thumb/v7e-m+fp/hard/libc_nano.a(lib_a-findfp.o)
                0x00000000080059a0                __sinit_lock_release
 .text.__sinit  0x00000000080059ac       0x70 /opt/st/stm32cubeide_1.10.1/plugins/com.st.stm32cube.ide.mcu.externaltools.gnu-tools-for-stm32.10.3-2021.10.linux64_1.0.0.202111181127/tools/bin/../lib/gcc/arm-none-eabi/10.3.1/../../../../arm-none-eabi/lib/thumb/v7e-m+fp/hard/libc_nano.a(lib_a-findfp.o)
                0x00000000080059ac                __sinit
 .text.__sfp    0x0000000008005a1c       0x8c /opt/st/stm32cubeide_1.10.1/plugins/com.st.stm32cube.ide.mcu.externaltools.gnu-tools-for-stm32.10.3-2021.10.linux64_1.0.0.202111181127/tools/bin/../lib/gcc/arm-none-eabi/10.3.1/../../../../arm-none-eabi/lib/thumb/v7e-m+fp/hard/libc_nano.a(lib_a-findfp.o)
                0x0000000008005a1c                __sfp
 .text._fwalk_reent
                0x0000000008005aa8       0x3e /opt/st/stm32cubeide_1.10.1/plugins/com.st.stm32cube.ide.mcu.externaltools.gnu-tools-for-stm32.10.3-2021.10.linux64_1.0.0.202111181127/tools/bin/../lib/gcc/arm-none-eabi/10.3.1/../../../../arm-none-eabi/lib/thumb/v7e-m+fp/hard/libc_nano.a(lib_a-fwalk.o)
                0x0000000008005aa8                _fwalk_reent
 .text.__retarget_lock_init_recursive
                0x0000000008005ae6        0x2 /opt/st/stm32cubeide_1.10.1/plugins/com.st.stm32cube.ide.mcu.externaltools.gnu-tools-for-stm32.10.3-2021.10.linux64_1.0.0.202111181127/tools/bin/../lib/gcc/arm-none-eabi/10.3.1/../../../../arm-none-eabi/lib/thumb/v7e-m+fp/hard/libc_nano.a(lib_a-lock.o)
                0x0000000008005ae6                __retarget_lock_init_recursive
 .text.__retarget_lock_acquire_recursive
                0x0000000008005ae8        0x2 /opt/st/stm32cubeide_1.10.1/plugins/com.st.stm32cube.ide.mcu.externaltools.gnu-tools-for-stm32.10.3-2021.10.linux64_1.0.0.202111181127/tools/bin/../lib/gcc/arm-none-eabi/10.3.1/../../../../arm-none-eabi/lib/thumb/v7e-m+fp/hard/libc_nano.a(lib_a-lock.o)
                0x0000000008005ae8                __retarget_lock_acquire_recursive
 .text.__retarget_lock_release_recursive
                0x0000000008005aea        0x2 /opt/st/stm32cubeide_1.10.1/plugins/com.st.stm32cube.ide.mcu.externaltools.gnu-tools-for-stm32.10.3-2021.10.linux64_1.0.0.202111181127/tools/bin/../lib/gcc/arm-none-eabi/10.3.1/../../../../arm-none-eabi/lib/thumb/v7e-m+fp/hard/libc_nano.a(lib_a-lock.o)
                0x0000000008005aea                __retarget_lock_release_recursive
 .text.__swhatbuf_r
                0x0000000008005aec       0x4a /opt/st/stm32cubeide_1.10.1/plugins/com.st.stm32cube.ide.mcu.externaltools.gnu-tools-for-stm32.10.3-2021.10.linux64_1.0.0.202111181127/tools/bin/../lib/gcc/arm-none-eabi/10.3.1/../../../../arm-none-eabi/lib/thumb/v7e-m+fp/hard/libc_nano.a(lib_a-makebuf.o)
                0x0000000008005aec                __swhatbuf_r
 *fill*         0x0000000008005b36        0x2 
 .text.__smakebuf_r
                0x0000000008005b38       0x80 /opt/st/stm32cubeide_1.10.1/plugins/com.st.stm32cube.ide.mcu.externaltools.gnu-tools-for-stm32.10.3-2021.10.linux64_1.0.0.202111181127/tools/bin/../lib/gcc/arm-none-eabi/10.3.1/../../../../arm-none-eabi/lib/thumb/v7e-m+fp/hard/libc_nano.a(lib_a-makebuf.o)
                0x0000000008005b38                __smakebuf_r
 .text._free_r  0x0000000008005bb8       0x98 /opt/st/stm32cubeide_1.10.1/plugins/com.st.stm32cube.ide.mcu.externaltools.gnu-tools-for-stm32.10.3-2021.10.linux64_1.0.0.202111181127/tools/bin/../lib/gcc/arm-none-eabi/10.3.1/../../../../arm-none-eabi/lib/thumb/v7e-m+fp/hard/libc_nano.a(lib_a-nano-freer.o)
                0x0000000008005bb8                _free_r
 .text.sbrk_aligned
                0x0000000008005c50       0x40 /opt/st/stm32cubeide_1.10.1/plugins/com.st.stm32cube.ide.mcu.externaltools.gnu-tools-for-stm32.10.3-2021.10.linux64_1.0.0.202111181127/tools/bin/../lib/gcc/arm-none-eabi/10.3.1/../../../../arm-none-eabi/lib/thumb/v7e-m+fp/hard/libc_nano.a(lib_a-nano-mallocr.o)
 .text._malloc_r
                0x0000000008005c90       0xe8 /opt/st/stm32cubeide_1.10.1/plugins/com.st.stm32cube.ide.mcu.externaltools.gnu-tools-for-stm32.10.3-2021.10.linux64_1.0.0.202111181127/tools/bin/../lib/gcc/arm-none-eabi/10.3.1/../../../../arm-none-eabi/lib/thumb/v7e-m+fp/hard/libc_nano.a(lib_a-nano-mallocr.o)
                0x0000000008005c90                _malloc_r
 .text.__ssputs_r
                0x0000000008005d78       0xb6 /opt/st/stm32cubeide_1.10.1/plugins/com.st.stm32cube.ide.mcu.externaltools.gnu-tools-for-stm32.10.3-2021.10.linux64_1.0.0.202111181127/tools/bin/../lib/gcc/arm-none-eabi/10.3.1/../../../../arm-none-eabi/lib/thumb/v7e-m+fp/hard/libc_nano.a(lib_a-nano-svfprintf.o)
                0x0000000008005d78                __ssputs_r
 *fill*         0x0000000008005e2e        0x2 
 .text._svfprintf_r
                0x0000000008005e30      0x200 /opt/st/stm32cubeide_1.10.1/plugins/com.st.stm32cube.ide.mcu.externaltools.gnu-tools-for-stm32.10.3-2021.10.linux64_1.0.0.202111181127/tools/bin/../lib/gcc/arm-none-eabi/10.3.1/../../../../arm-none-eabi/lib/thumb/v7e-m+fp/hard/libc_nano.a(lib_a-nano-svfprintf.o)
                0x0000000008005e30                _svfprintf_r
                0x0000000008005e30                _svfiprintf_r
 .text.__sfputc_r
                0x0000000008006030       0x2e /opt/st/stm32cubeide_1.10.1/plugins/com.st.stm32cube.ide.mcu.externaltools.gnu-tools-for-stm32.10.3-2021.10.linux64_1.0.0.202111181127/tools/bin/../lib/gcc/arm-none-eabi/10.3.1/../../../../arm-none-eabi/lib/thumb/v7e-m+fp/hard/libc_nano.a(lib_a-nano-vfprintf.o)
 .text.__sfputs_r
                0x000000000800605e       0x24 /opt/st/stm32cubeide_1.10.1/plugins/com.st.stm32cube.ide.mcu.externaltools.gnu-tools-for-stm32.10.3-2021.10.linux64_1.0.0.202111181127/tools/bin/../lib/gcc/arm-none-eabi/10.3.1/../../../../arm-none-eabi/lib/thumb/v7e-m+fp/hard/libc_nano.a(lib_a-nano-vfprintf.o)
                0x000000000800605e                __sfputs_r
 *fill*         0x0000000008006082        0x2 
 .text._vfprintf_r
                0x0000000008006084      0x260 /opt/st/stm32cubeide_1.10.1/plugins/com.st.stm32cube.ide.mcu.externaltools.gnu-tools-for-stm32.10.3-2021.10.linux64_1.0.0.202111181127/tools/bin/../lib/gcc/arm-none-eabi/10.3.1/../../../../arm-none-eabi/lib/thumb/v7e-m+fp/hard/libc_nano.a(lib_a-nano-vfprintf.o)
                0x0000000008006084                _vfiprintf_r
                0x0000000008006084                _vfprintf_r
 .text._printf_common
                0x00000000080062e4       0xda /opt/st/stm32cubeide_1.10.1/plugins/com.st.stm32cube.ide.mcu.externaltools.gnu-tools-for-stm32.10.3-2021.10.linux64_1.0.0.202111181127/tools/bin/../lib/gcc/arm-none-eabi/10.3.1/../../../../arm-none-eabi/lib/thumb/v7e-m+fp/hard/libc_nano.a(lib_a-nano-vfprintf_i.o)
                0x00000000080062e4                _printf_common
 *fill*         0x00000000080063be        0x2 
 .text._printf_i
                0x00000000080063c0      0x24c /opt/st/stm32cubeide_1.10.1/plugins/com.st.stm32cube.ide.mcu.externaltools.gnu-tools-for-stm32.10.3-2021.10.linux64_1.0.0.202111181127/tools/bin/../lib/gcc/arm-none-eabi/10.3.1/../../../../arm-none-eabi/lib/thumb/v7e-m+fp/hard/libc_nano.a(lib_a-nano-vfprintf_i.o)
                0x00000000080063c0                _printf_i
 .text._sbrk_r  0x000000000800660c       0x20 /opt/st/stm32cubeide_1.10.1/plugins/com.st.stm32cube.ide.mcu.externaltools.gnu-tools-for-stm32.10.3-2021.10.linux64_1.0.0.202111181127/tools/bin/../lib/gcc/arm-none-eabi/10.3.1/../../../../arm-none-eabi/lib/thumb/v7e-m+fp/hard/libc_nano.a(lib_a-sbrkr.o)
                0x000000000800660c                _sbrk_r
 .text.__sread  0x000000000800662c       0x22 /opt/st/stm32cubeide_1.10.1/plugins/com.st.stm32cube.ide.mcu.externaltools.gnu-tools-for-stm32.10.3-2021.10.linux64_1.0.0.202111181127/tools/bin/../lib/gcc/arm-none-eabi/10.3.1/../../../../arm-none-eabi/lib/thumb/v7e-m+fp/hard/libc_nano.a(lib_a-stdio.o)
                0x000000000800662c                __sread
 .text.__swrite
                0x000000000800664e       0x38 /opt/st/stm32cubeide_1.10.1/plugins/com.st.stm32cube.ide.mcu.externaltools.gnu-tools-for-stm32.10.3-2021.10.linux64_1.0.0.202111181127/tools/bin/../lib/gcc/arm-none-eabi/10.3.1/../../../../arm-none-eabi/lib/thumb/v7e-m+fp/hard/libc_nano.a(lib_a-stdio.o)
                0x000000000800664e                __swrite
 .text.__sseek  0x0000000008006686       0x24 /opt/st/stm32cubeide_1.10.1/plugins/com.st.stm32cube.ide.mcu.externaltools.gnu-tools-for-stm32.10.3-2021.10.linux64_1.0.0.202111181127/tools/bin/../lib/gcc/arm-none-eabi/10.3.1/../../../../arm-none-eabi/lib/thumb/v7e-m+fp/hard/libc_nano.a(lib_a-stdio.o)
                0x0000000008006686                __sseek
 .text.__sclose
                0x00000000080066aa        0x8 /opt/st/stm32cubeide_1.10.1/plugins/com.st.stm32cube.ide.mcu.externaltools.gnu-tools-for-stm32.10.3-2021.10.linux64_1.0.0.202111181127/tools/bin/../lib/gcc/arm-none-eabi/10.3.1/../../../../arm-none-eabi/lib/thumb/v7e-m+fp/hard/libc_nano.a(lib_a-stdio.o)
                0x00000000080066aa                __sclose
 *fill*         0x00000000080066b2        0x2 
 .text._write_r
                0x00000000080066b4       0x24 /opt/st/stm32cubeide_1.10.1/plugins/com.st.stm32cube.ide.mcu.externaltools.gnu-tools-for-stm32.10.3-2021.10.linux64_1.0.0.202111181127/tools/bin/../lib/gcc/arm-none-eabi/10.3.1/../../../../arm-none-eabi/lib/thumb/v7e-m+fp/hard/libc_nano.a(lib_a-writer.o)
                0x00000000080066b4                _write_r
 .text._close_r
                0x00000000080066d8       0x20 /opt/st/stm32cubeide_1.10.1/plugins/com.st.stm32cube.ide.mcu.externaltools.gnu-tools-for-stm32.10.3-2021.10.linux64_1.0.0.202111181127/tools/bin/../lib/gcc/arm-none-eabi/10.3.1/../../../../arm-none-eabi/lib/thumb/v7e-m+fp/hard/libc_nano.a(lib_a-closer.o)
                0x00000000080066d8                _close_r
 .text._fstat_r
                0x00000000080066f8       0x24 /opt/st/stm32cubeide_1.10.1/plugins/com.st.stm32cube.ide.mcu.externaltools.gnu-tools-for-stm32.10.3-2021.10.linux64_1.0.0.202111181127/tools/bin/../lib/gcc/arm-none-eabi/10.3.1/../../../../arm-none-eabi/lib/thumb/v7e-m+fp/hard/libc_nano.a(lib_a-fstatr.o)
                0x00000000080066f8                _fstat_r
 .text._isatty_r
                0x000000000800671c       0x20 /opt/st/stm32cubeide_1.10.1/plugins/com.st.stm32cube.ide.mcu.externaltools.gnu-tools-for-stm32.10.3-2021.10.linux64_1.0.0.202111181127/tools/bin/../lib/gcc/arm-none-eabi/10.3.1/../../../../arm-none-eabi/lib/thumb/v7e-m+fp/hard/libc_nano.a(lib_a-isattyr.o)
                0x000000000800671c                _isatty_r
 .text._lseek_r
                0x000000000800673c       0x24 /opt/st/stm32cubeide_1.10.1/plugins/com.st.stm32cube.ide.mcu.externaltools.gnu-tools-for-stm32.10.3-2021.10.linux64_1.0.0.202111181127/tools/bin/../lib/gcc/arm-none-eabi/10.3.1/../../../../arm-none-eabi/lib/thumb/v7e-m+fp/hard/libc_nano.a(lib_a-lseekr.o)
                0x000000000800673c                _lseek_r
 .text.memcpy   0x0000000008006760       0x1c /opt/st/stm32cubeide_1.10.1/plugins/com.st.stm32cube.ide.mcu.externaltools.gnu-tools-for-stm32.10.3-2021.10.linux64_1.0.0.202111181127/tools/bin/../lib/gcc/arm-none-eabi/10.3.1/../../../../arm-none-eabi/lib/thumb/v7e-m+fp/hard/libc_nano.a(lib_a-memcpy-stub.o)
                0x0000000008006760                memcpy
 .text.memmove  0x000000000800677c       0x34 /opt/st/stm32cubeide_1.10.1/plugins/com.st.stm32cube.ide.mcu.externaltools.gnu-tools-for-stm32.10.3-2021.10.linux64_1.0.0.202111181127/tools/bin/../lib/gcc/arm-none-eabi/10.3.1/../../../../arm-none-eabi/lib/thumb/v7e-m+fp/hard/libc_nano.a(lib_a-memmove.o)
                0x000000000800677c                memmove
 .text.__malloc_lock
                0x00000000080067b0        0xc /opt/st/stm32cubeide_1.10.1/plugins/com.st.stm32cube.ide.mcu.externaltools.gnu-tools-for-stm32.10.3-2021.10.linux64_1.0.0.202111181127/tools/bin/../lib/gcc/arm-none-eabi/10.3.1/../../../../arm-none-eabi/lib/thumb/v7e-m+fp/hard/libc_nano.a(lib_a-mlock.o)
                0x00000000080067b0                __malloc_lock
 .text.__malloc_unlock
                0x00000000080067bc        0xc /opt/st/stm32cubeide_1.10.1/plugins/com.st.stm32cube.ide.mcu.externaltools.gnu-tools-for-stm32.10.3-2021.10.linux64_1.0.0.202111181127/tools/bin/../lib/gcc/arm-none-eabi/10.3.1/../../../../arm-none-eabi/lib/thumb/v7e-m+fp/hard/libc_nano.a(lib_a-mlock.o)
                0x00000000080067bc                __malloc_unlock
 .text._realloc_r
                0x00000000080067c8       0x5e /opt/st/stm32cubeide_1.10.1/plugins/com.st.stm32cube.ide.mcu.externaltools.gnu-tools-for-stm32.10.3-2021.10.linux64_1.0.0.202111181127/tools/bin/../lib/gcc/arm-none-eabi/10.3.1/../../../../arm-none-eabi/lib/thumb/v7e-m+fp/hard/libc_nano.a(lib_a-nano-reallocr.o)
                0x00000000080067c8                _realloc_r
 *fill*         0x0000000008006826        0x2 
 .text._read_r  0x0000000008006828       0x24 /opt/st/stm32cubeide_1.10.1/plugins/com.st.stm32cube.ide.mcu.externaltools.gnu-tools-for-stm32.10.3-2021.10.linux64_1.0.0.202111181127/tools/bin/../lib/gcc/arm-none-eabi/10.3.1/../../../../arm-none-eabi/lib/thumb/v7e-m+fp/hard/libc_nano.a(lib_a-readr.o)
                0x0000000008006828                _read_r
 .text._malloc_usable_size_r
                0x000000000800684c       0x10 /opt/st/stm32cubeide_1.10.1/plugins/com.st.stm32cube.ide.mcu.externaltools.gnu-tools-for-stm32.10.3-2021.10.linux64_1.0.0.202111181127/tools/bin/../lib/gcc/arm-none-eabi/10.3.1/../../../../arm-none-eabi/lib/thumb/v7e-m+fp/hard/libc_nano.a(lib_a-nano-msizer.o)
                0x000000000800684c                _malloc_usable_size_r
 *(.glue_7)
 .glue_7        0x000000000800685c        0x0 linker stubs
 *(.glue_7t)
 .glue_7t       0x000000000800685c        0x0 linker stubs
 *(.eh_frame)
 .eh_frame      0x000000000800685c        0x0 /opt/st/stm32cubeide_1.10.1/plugins/com.st.stm32cube.ide.mcu.externaltools.gnu-tools-for-stm32.10.3-2021.10.linux64_1.0.0.202111181127/tools/bin/../lib/gcc/arm-none-eabi/10.3.1/thumb/v7e-m+fp/hard/crtbegin.o
 *(.init)
 .init          0x000000000800685c        0x4 /opt/st/stm32cubeide_1.10.1/plugins/com.st.stm32cube.ide.mcu.externaltools.gnu-tools-for-stm32.10.3-2021.10.linux64_1.0.0.202111181127/tools/bin/../lib/gcc/arm-none-eabi/10.3.1/thumb/v7e-m+fp/hard/crti.o
                0x000000000800685c                _init
 .init          0x0000000008006860        0x8 /opt/st/stm32cubeide_1.10.1/plugins/com.st.stm32cube.ide.mcu.externaltools.gnu-tools-for-stm32.10.3-2021.10.linux64_1.0.0.202111181127/tools/bin/../lib/gcc/arm-none-eabi/10.3.1/thumb/v7e-m+fp/hard/crtn.o
 *(.fini)
 .fini          0x0000000008006868        0x4 /opt/st/stm32cubeide_1.10.1/plugins/com.st.stm32cube.ide.mcu.externaltools.gnu-tools-for-stm32.10.3-2021.10.linux64_1.0.0.202111181127/tools/bin/../lib/gcc/arm-none-eabi/10.3.1/thumb/v7e-m+fp/hard/crti.o
                0x0000000008006868                _fini
 .fini          0x000000000800686c        0x8 /opt/st/stm32cubeide_1.10.1/plugins/com.st.stm32cube.ide.mcu.externaltools.gnu-tools-for-stm32.10.3-2021.10.linux64_1.0.0.202111181127/tools/bin/../lib/gcc/arm-none-eabi/10.3.1/thumb/v7e-m+fp/hard/crtn.o
                0x0000000008006874                . = ALIGN (0x4)
                0x0000000008006874                _etext = .

.vfp11_veneer   0x0000000008006874        0x0
 .vfp11_veneer  0x0000000008006874        0x0 linker stubs

.v4_bx          0x0000000008006874        0x0
 .v4_bx         0x0000000008006874        0x0 linker stubs

.iplt           0x0000000008006874        0x0
 .iplt          0x0000000008006874        0x0 /opt/st/stm32cubeide_1.10.1/plugins/com.st.stm32cube.ide.mcu.externaltools.gnu-tools-for-stm32.10.3-2021.10.linux64_1.0.0.202111181127/tools/bin/../lib/gcc/arm-none-eabi/10.3.1/thumb/v7e-m+fp/hard/crtbegin.o

.rodata         0x0000000008006874      0x1c0
                0x0000000008006874                . = ALIGN (0x4)
 *(.rodata)
 .rodata        0x0000000008006874      0x108 ./Core/Src/main.o
 *(.rodata*)
 .rodata.AHBPrescTable
                0x000000000800697c       0x10 ./Core/Src/system_stm32f4xx.o
                0x000000000800697c                AHBPrescTable
 .rodata.APBPrescTable
                0x000000000800698c        0x8 ./Core/Src/system_stm32f4xx.o
                0x000000000800698c                APBPrescTable
 .rodata.flagBitshiftOffset.0
                0x0000000008006994        0x8 ./Drivers/STM32F4xx_HAL_Driver/Src/stm32f4xx_hal_dma.o
 .rodata._global_impure_ptr
                0x000000000800699c        0x4 /opt/st/stm32cubeide_1.10.1/plugins/com.st.stm32cube.ide.mcu.externaltools.gnu-tools-for-stm32.10.3-2021.10.linux64_1.0.0.202111181127/tools/bin/../lib/gcc/arm-none-eabi/10.3.1/../../../../arm-none-eabi/lib/thumb/v7e-m+fp/hard/libc_nano.a(lib_a-impure.o)
                0x000000000800699c                _global_impure_ptr
 .rodata.__sf_fake_stderr
                0x00000000080069a0       0x20 /opt/st/stm32cubeide_1.10.1/plugins/com.st.stm32cube.ide.mcu.externaltools.gnu-tools-for-stm32.10.3-2021.10.linux64_1.0.0.202111181127/tools/bin/../lib/gcc/arm-none-eabi/10.3.1/../../../../arm-none-eabi/lib/thumb/v7e-m+fp/hard/libc_nano.a(lib_a-findfp.o)
                0x00000000080069a0                __sf_fake_stderr
 .rodata.__sf_fake_stdin
                0x00000000080069c0       0x20 /opt/st/stm32cubeide_1.10.1/plugins/com.st.stm32cube.ide.mcu.externaltools.gnu-tools-for-stm32.10.3-2021.10.linux64_1.0.0.202111181127/tools/bin/../lib/gcc/arm-none-eabi/10.3.1/../../../../arm-none-eabi/lib/thumb/v7e-m+fp/hard/libc_nano.a(lib_a-findfp.o)
                0x00000000080069c0                __sf_fake_stdin
 .rodata.__sf_fake_stdout
                0x00000000080069e0       0x20 /opt/st/stm32cubeide_1.10.1/plugins/com.st.stm32cube.ide.mcu.externaltools.gnu-tools-for-stm32.10.3-2021.10.linux64_1.0.0.202111181127/tools/bin/../lib/gcc/arm-none-eabi/10.3.1/../../../../arm-none-eabi/lib/thumb/v7e-m+fp/hard/libc_nano.a(lib_a-findfp.o)
                0x00000000080069e0                __sf_fake_stdout
 .rodata._svfprintf_r.str1.1
                0x0000000008006a00       0x11 /opt/st/stm32cubeide_1.10.1/plugins/com.st.stm32cube.ide.mcu.externaltools.gnu-tools-for-stm32.10.3-2021.10.linux64_1.0.0.202111181127/tools/bin/../lib/gcc/arm-none-eabi/10.3.1/../../../../arm-none-eabi/lib/thumb/v7e-m+fp/hard/libc_nano.a(lib_a-nano-svfprintf.o)
 .rodata._vfprintf_r.str1.1
                0x0000000008006a11       0x11 /opt/st/stm32cubeide_1.10.1/plugins/com.st.stm32cube.ide.mcu.externaltools.gnu-tools-for-stm32.10.3-2021.10.linux64_1.0.0.202111181127/tools/bin/../lib/gcc/arm-none-eabi/10.3.1/../../../../arm-none-eabi/lib/thumb/v7e-m+fp/hard/libc_nano.a(lib_a-nano-vfprintf.o)
 .rodata._printf_i.str1.1
                0x0000000008006a11       0x22 /opt/st/stm32cubeide_1.10.1/plugins/com.st.stm32cube.ide.mcu.externaltools.gnu-tools-for-stm32.10.3-2021.10.linux64_1.0.0.202111181127/tools/bin/../lib/gcc/arm-none-eabi/10.3.1/../../../../arm-none-eabi/lib/thumb/v7e-m+fp/hard/libc_nano.a(lib_a-nano-vfprintf_i.o)
                0x0000000008006a34                . = ALIGN (0x4)
 *fill*         0x0000000008006a33        0x1 

.ARM.extab      0x0000000008006a34        0x0
                0x0000000008006a34                . = ALIGN (0x4)
 *(.ARM.extab* .gnu.linkonce.armextab.*)
                0x0000000008006a34                . = ALIGN (0x4)

.ARM            0x0000000008006a34        0x8
                0x0000000008006a34                . = ALIGN (0x4)
                0x0000000008006a34                __exidx_start = .
 *(.ARM.exidx*)
 .ARM.exidx     0x0000000008006a34        0x8 /opt/st/stm32cubeide_1.10.1/plugins/com.st.stm32cube.ide.mcu.externaltools.gnu-tools-for-stm32.10.3-2021.10.linux64_1.0.0.202111181127/tools/bin/../lib/gcc/arm-none-eabi/10.3.1/thumb/v7e-m+fp/hard/libgcc.a(_udivmoddi4.o)
                0x0000000008006a3c                __exidx_end = .
                0x0000000008006a3c                . = ALIGN (0x4)

.rel.dyn        0x0000000008006a3c        0x0
 .rel.iplt      0x0000000008006a3c        0x0 /opt/st/stm32cubeide_1.10.1/plugins/com.st.stm32cube.ide.mcu.externaltools.gnu-tools-for-stm32.10.3-2021.10.linux64_1.0.0.202111181127/tools/bin/../lib/gcc/arm-none-eabi/10.3.1/thumb/v7e-m+fp/hard/crtbegin.o

.preinit_array  0x0000000008006a3c        0x0
                0x0000000008006a3c                . = ALIGN (0x4)
                0x0000000008006a3c                PROVIDE (__preinit_array_start = .)
 *(.preinit_array*)
                0x0000000008006a3c                PROVIDE (__preinit_array_end = .)
                0x0000000008006a3c                . = ALIGN (0x4)

.init_array     0x0000000008006a3c        0x4
                0x0000000008006a3c                . = ALIGN (0x4)
                0x0000000008006a3c                PROVIDE (__init_array_start = .)
 *(SORT_BY_NAME(.init_array.*))
 *(.init_array*)
 .init_array    0x0000000008006a3c        0x4 /opt/st/stm32cubeide_1.10.1/plugins/com.st.stm32cube.ide.mcu.externaltools.gnu-tools-for-stm32.10.3-2021.10.linux64_1.0.0.202111181127/tools/bin/../lib/gcc/arm-none-eabi/10.3.1/thumb/v7e-m+fp/hard/crtbegin.o
                0x0000000008006a40                PROVIDE (__init_array_end = .)
                0x0000000008006a40                . = ALIGN (0x4)

.fini_array     0x0000000008006a40        0x4
                0x0000000008006a40                . = ALIGN (0x4)
                [!provide]                        PROVIDE (__fini_array_start = .)
 *(SORT_BY_NAME(.fini_array.*))
 *(.fini_array*)
 .fini_array    0x0000000008006a40        0x4 /opt/st/stm32cubeide_1.10.1/plugins/com.st.stm32cube.ide.mcu.externaltools.gnu-tools-for-stm32.10.3-2021.10.linux64_1.0.0.202111181127/tools/bin/../lib/gcc/arm-none-eabi/10.3.1/thumb/v7e-m+fp/hard/crtbegin.o
                [!provide]                        PROVIDE (__fini_array_end = .)
                0x0000000008006a44                . = ALIGN (0x4)
                0x0000000008006a44                _sidata = LOADADDR (.data)

.data           0x0000000020000000       0x74 load address 0x0000000008006a44
                0x0000000020000000                . = ALIGN (0x4)
                0x0000000020000000                _sdata = .
 *(.data)
 *(.data*)
 .data.aData    0x0000000020000000        0x2 ./Core/Src/main.o
                0x0000000020000000                aData
 *fill*         0x0000000020000002        0x2 
 .data.SystemCoreClock
                0x0000000020000004        0x4 ./Core/Src/system_stm32f4xx.o
                0x0000000020000004                SystemCoreClock
 .data.uwTickPrio
                0x0000000020000008        0x4 ./Drivers/STM32F4xx_HAL_Driver/Src/stm32f4xx_hal.o
                0x0000000020000008                uwTickPrio
 .data.uwTickFreq
                0x000000002000000c        0x1 ./Drivers/STM32F4xx_HAL_Driver/Src/stm32f4xx_hal.o
                0x000000002000000c                uwTickFreq
 *fill*         0x000000002000000d        0x3 
 .data._impure_ptr
                0x0000000020000010        0x4 /opt/st/stm32cubeide_1.10.1/plugins/com.st.stm32cube.ide.mcu.externaltools.gnu-tools-for-stm32.10.3-2021.10.linux64_1.0.0.202111181127/tools/bin/../lib/gcc/arm-none-eabi/10.3.1/../../../../arm-none-eabi/lib/thumb/v7e-m+fp/hard/libc_nano.a(lib_a-impure.o)
                0x0000000020000010                _impure_ptr
 .data.impure_data
                0x0000000020000014       0x60 /opt/st/stm32cubeide_1.10.1/plugins/com.st.stm32cube.ide.mcu.externaltools.gnu-tools-for-stm32.10.3-2021.10.linux64_1.0.0.202111181127/tools/bin/../lib/gcc/arm-none-eabi/10.3.1/../../../../arm-none-eabi/lib/thumb/v7e-m+fp/hard/libc_nano.a(lib_a-impure.o)
 *(.RamFunc)
 *(.RamFunc*)
                0x0000000020000074                . = ALIGN (0x4)
                0x0000000020000074                _edata = .

.igot.plt       0x0000000020000074        0x0 load address 0x0000000008006ab8
 .igot.plt      0x0000000020000074        0x0 /opt/st/stm32cubeide_1.10.1/plugins/com.st.stm32cube.ide.mcu.externaltools.gnu-tools-for-stm32.10.3-2021.10.linux64_1.0.0.202111181127/tools/bin/../lib/gcc/arm-none-eabi/10.3.1/thumb/v7e-m+fp/hard/crtbegin.o
                0x0000000020000074                . = ALIGN (0x4)

.bss            0x0000000020000074      0x260 load address 0x0000000008006ab8
                0x0000000020000074                _sbss = .
                0x0000000020000074                __bss_start__ = _sbss
 *(.bss)
 .bss           0x0000000020000074       0x1c /opt/st/stm32cubeide_1.10.1/plugins/com.st.stm32cube.ide.mcu.externaltools.gnu-tools-for-stm32.10.3-2021.10.linux64_1.0.0.202111181127/tools/bin/../lib/gcc/arm-none-eabi/10.3.1/thumb/v7e-m+fp/hard/crtbegin.o
 *(.bss*)
 .bss.hcan1     0x0000000020000090       0x28 ./Core/Src/main.o
                0x0000000020000090                hcan1
 .bss.hi2c1     0x00000000200000b8       0x54 ./Core/Src/main.o
                0x00000000200000b8                hi2c1
 .bss.htim13    0x000000002000010c       0x48 ./Core/Src/main.o
                0x000000002000010c                htim13
 .bss.huart2    0x0000000020000154       0x44 ./Core/Src/main.o
                0x0000000020000154                huart2
 .bss.huart3    0x0000000020000198       0x44 ./Core/Src/main.o
                0x0000000020000198                huart3
 .bss.hdma_usart3_rx
                0x00000000200001dc       0x60 ./Core/Src/main.o
                0x00000000200001dc                hdma_usart3_rx
 .bss.data      0x000000002000023c        0x6 ./Core/Src/main.o
                0x000000002000023c                data
 .bss.dig_T1    0x0000000020000242        0x2 ./Core/Src/main.o
                0x0000000020000242                dig_T1
 .bss.dig_T2    0x0000000020000244        0x2 ./Core/Src/main.o
                0x0000000020000244                dig_T2
 .bss.dig_T3    0x0000000020000246        0x2 ./Core/Src/main.o
                0x0000000020000246                dig_T3
 .bss.dig_P1    0x0000000020000248        0x2 ./Core/Src/main.o
                0x0000000020000248                dig_P1
 .bss.dig_P2    0x000000002000024a        0x2 ./Core/Src/main.o
                0x000000002000024a                dig_P2
 .bss.dig_P3    0x000000002000024c        0x2 ./Core/Src/main.o
                0x000000002000024c                dig_P3
 .bss.dig_P4    0x000000002000024e        0x2 ./Core/Src/main.o
                0x000000002000024e                dig_P4
 .bss.dig_P5    0x0000000020000250        0x2 ./Core/Src/main.o
                0x0000000020000250                dig_P5
 .bss.dig_P6    0x0000000020000252        0x2 ./Core/Src/main.o
                0x0000000020000252                dig_P6
 .bss.dig_P7    0x0000000020000254        0x2 ./Core/Src/main.o
                0x0000000020000254                dig_P7
 .bss.dig_P8    0x0000000020000256        0x2 ./Core/Src/main.o
                0x0000000020000256                dig_P8
 .bss.dig_P9    0x0000000020000258        0x2 ./Core/Src/main.o
                0x0000000020000258                dig_P9
 .bss.Rx_byte   0x000000002000025a        0x1 ./Core/Src/main.o
                0x000000002000025a                Rx_byte
 *fill*         0x000000002000025b        0x1 
 .bss.Rx_data   0x000000002000025c        0xa ./Core/Src/main.o
                0x000000002000025c                Rx_data
 *fill*         0x0000000020000266        0x2 
 .bss.int_temp  0x0000000020000268        0x4 ./Core/Src/main.o
                0x0000000020000268                int_temp
 .bss.dec_temp  0x000000002000026c        0x4 ./Core/Src/main.o
                0x000000002000026c                dec_temp
 .bss.Rx_indx   0x0000000020000270        0x1 ./Core/Src/main.o
                0x0000000020000270                Rx_indx
 *fill*         0x0000000020000271        0x3 
 .bss.send_temp
                0x0000000020000274        0x4 ./Core/Src/main.o
                0x0000000020000274                send_temp
 .bss.send_t_1  0x0000000020000278        0x2 ./Core/Src/main.o
                0x0000000020000278                send_t_1
 *fill*         0x000000002000027a        0x2 
 .bss.send_t_2  0x000000002000027c        0x2 ./Core/Src/main.o
                0x000000002000027c                send_t_2
 *fill*         0x000000002000027e        0x2 
 .bss.t_display
                0x0000000020000280        0xa ./Core/Src/main.o
                0x0000000020000280                t_display
 *fill*         0x000000002000028a        0x2 
 .bss.p_display
                0x000000002000028c        0xa ./Core/Src/main.o
                0x000000002000028c                p_display
 *fill*         0x0000000020000296        0x2 
 .bss.pHeader   0x0000000020000298       0x18 ./Core/Src/main.o
                0x0000000020000298                pHeader
 .bss.pTxMailbox
                0x00000000200002b0        0x4 ./Core/Src/main.o
                0x00000000200002b0                pTxMailbox
 .bss.incr      0x00000000200002b4        0x4 ./Core/Src/main.o
                0x00000000200002b4                incr
 .bss.t_fine    0x00000000200002b8        0x4 ./Core/Src/main.o
                0x00000000200002b8                t_fine
 .bss.__sbrk_heap_end
                0x00000000200002bc        0x4 ./Core/Src/sysmem.o
 .bss.uwTick    0x00000000200002c0        0x4 ./Drivers/STM32F4xx_HAL_Driver/Src/stm32f4xx_hal.o
                0x00000000200002c0                uwTick
 .bss.__lock___malloc_recursive_mutex
                0x00000000200002c4        0x1 /opt/st/stm32cubeide_1.10.1/plugins/com.st.stm32cube.ide.mcu.externaltools.gnu-tools-for-stm32.10.3-2021.10.linux64_1.0.0.202111181127/tools/bin/../lib/gcc/arm-none-eabi/10.3.1/../../../../arm-none-eabi/lib/thumb/v7e-m+fp/hard/libc_nano.a(lib_a-lock.o)
                0x00000000200002c4                __lock___malloc_recursive_mutex
 .bss.__lock___sfp_recursive_mutex
                0x00000000200002c5        0x1 /opt/st/stm32cubeide_1.10.1/plugins/com.st.stm32cube.ide.mcu.externaltools.gnu-tools-for-stm32.10.3-2021.10.linux64_1.0.0.202111181127/tools/bin/../lib/gcc/arm-none-eabi/10.3.1/../../../../arm-none-eabi/lib/thumb/v7e-m+fp/hard/libc_nano.a(lib_a-lock.o)
                0x00000000200002c5                __lock___sfp_recursive_mutex
 .bss.__lock___sinit_recursive_mutex
                0x00000000200002c6        0x1 /opt/st/stm32cubeide_1.10.1/plugins/com.st.stm32cube.ide.mcu.externaltools.gnu-tools-for-stm32.10.3-2021.10.linux64_1.0.0.202111181127/tools/bin/../lib/gcc/arm-none-eabi/10.3.1/../../../../arm-none-eabi/lib/thumb/v7e-m+fp/hard/libc_nano.a(lib_a-lock.o)
                0x00000000200002c6                __lock___sinit_recursive_mutex
 *fill*         0x00000000200002c7        0x1 
 .bss.__malloc_free_list
                0x00000000200002c8        0x4 /opt/st/stm32cubeide_1.10.1/plugins/com.st.stm32cube.ide.mcu.externaltools.gnu-tools-for-stm32.10.3-2021.10.linux64_1.0.0.202111181127/tools/bin/../lib/gcc/arm-none-eabi/10.3.1/../../../../arm-none-eabi/lib/thumb/v7e-m+fp/hard/libc_nano.a(lib_a-nano-mallocr.o)
                0x00000000200002c8                __malloc_free_list
 .bss.__malloc_sbrk_start
                0x00000000200002cc        0x4 /opt/st/stm32cubeide_1.10.1/plugins/com.st.stm32cube.ide.mcu.externaltools.gnu-tools-for-stm32.10.3-2021.10.linux64_1.0.0.202111181127/tools/bin/../lib/gcc/arm-none-eabi/10.3.1/../../../../arm-none-eabi/lib/thumb/v7e-m+fp/hard/libc_nano.a(lib_a-nano-mallocr.o)
                0x00000000200002cc                __malloc_sbrk_start
 .bss.errno     0x00000000200002d0        0x4 /opt/st/stm32cubeide_1.10.1/plugins/com.st.stm32cube.ide.mcu.externaltools.gnu-tools-for-stm32.10.3-2021.10.linux64_1.0.0.202111181127/tools/bin/../lib/gcc/arm-none-eabi/10.3.1/../../../../arm-none-eabi/lib/thumb/v7e-m+fp/hard/libc_nano.a(lib_a-reent.o)
                0x00000000200002d0                errno
 *(COMMON)
                0x00000000200002d4                . = ALIGN (0x4)
                0x00000000200002d4                _ebss = .
                0x00000000200002d4                __bss_end__ = _ebss

._user_heap_stack
                0x00000000200002d4      0x604 load address 0x0000000008006ab8
                0x00000000200002d8                . = ALIGN (0x8)
 *fill*         0x00000000200002d4        0x4 
                [!provide]                        PROVIDE (end = .)
                0x00000000200002d8                PROVIDE (_end = .)
                0x00000000200004d8                . = (. + _Min_Heap_Size)
 *fill*         0x00000000200002d8      0x200 
                0x00000000200008d8                . = (. + _Min_Stack_Size)
 *fill*         0x00000000200004d8      0x400 
                0x00000000200008d8                . = ALIGN (0x8)

/DISCARD/
 libc.a(*)
 libm.a(*)
 libgcc.a(*)

.ARM.attributes
                0x0000000000000000       0x30
 *(.ARM.attributes)
 .ARM.attributes
                0x0000000000000000       0x1e /opt/st/stm32cubeide_1.10.1/plugins/com.st.stm32cube.ide.mcu.externaltools.gnu-tools-for-stm32.10.3-2021.10.linux64_1.0.0.202111181127/tools/bin/../lib/gcc/arm-none-eabi/10.3.1/thumb/v7e-m+fp/hard/crti.o
 .ARM.attributes
                0x000000000000001e       0x34 /opt/st/stm32cubeide_1.10.1/plugins/com.st.stm32cube.ide.mcu.externaltools.gnu-tools-for-stm32.10.3-2021.10.linux64_1.0.0.202111181127/tools/bin/../lib/gcc/arm-none-eabi/10.3.1/thumb/v7e-m+fp/hard/crtbegin.o
 .ARM.attributes
                0x0000000000000052       0x34 ./Core/Src/main.o
 .ARM.attributes
                0x0000000000000086       0x34 ./Core/Src/stm32f4xx_hal_msp.o
 .ARM.attributes
                0x00000000000000ba       0x34 ./Core/Src/stm32f4xx_it.o
 .ARM.attributes
                0x00000000000000ee       0x34 ./Core/Src/syscalls.o
 .ARM.attributes
                0x0000000000000122       0x34 ./Core/Src/sysmem.o
 .ARM.attributes
                0x0000000000000156       0x34 ./Core/Src/system_stm32f4xx.o
 .ARM.attributes
                0x000000000000018a       0x21 ./Core/Startup/startup_stm32f446retx.o
 .ARM.attributes
                0x00000000000001ab       0x34 ./Drivers/STM32F4xx_HAL_Driver/Src/stm32f4xx_hal.o
 .ARM.attributes
                0x00000000000001df       0x34 ./Drivers/STM32F4xx_HAL_Driver/Src/stm32f4xx_hal_can.o
 .ARM.attributes
                0x0000000000000213       0x34 ./Drivers/STM32F4xx_HAL_Driver/Src/stm32f4xx_hal_cortex.o
 .ARM.attributes
                0x0000000000000247       0x34 ./Drivers/STM32F4xx_HAL_Driver/Src/stm32f4xx_hal_dma.o
 .ARM.attributes
                0x000000000000027b       0x34 ./Drivers/STM32F4xx_HAL_Driver/Src/stm32f4xx_hal_gpio.o
 .ARM.attributes
                0x00000000000002af       0x34 ./Drivers/STM32F4xx_HAL_Driver/Src/stm32f4xx_hal_i2c.o
 .ARM.attributes
                0x00000000000002e3       0x34 ./Drivers/STM32F4xx_HAL_Driver/Src/stm32f4xx_hal_rcc.o
 .ARM.attributes
                0x0000000000000317       0x34 ./Drivers/STM32F4xx_HAL_Driver/Src/stm32f4xx_hal_rcc_ex.o
 .ARM.attributes
                0x000000000000034b       0x34 ./Drivers/STM32F4xx_HAL_Driver/Src/stm32f4xx_hal_tim.o
 .ARM.attributes
                0x000000000000037f       0x34 ./Drivers/STM32F4xx_HAL_Driver/Src/stm32f4xx_hal_tim_ex.o
 .ARM.attributes
                0x00000000000003b3       0x34 ./Drivers/STM32F4xx_HAL_Driver/Src/stm32f4xx_hal_uart.o
 .ARM.attributes
                0x00000000000003e7       0x34 /opt/st/stm32cubeide_1.10.1/plugins/com.st.stm32cube.ide.mcu.externaltools.gnu-tools-for-stm32.10.3-2021.10.linux64_1.0.0.202111181127/tools/bin/../lib/gcc/arm-none-eabi/10.3.1/../../../../arm-none-eabi/lib/thumb/v7e-m+fp/hard/libc_nano.a(lib_a-errno.o)
 .ARM.attributes
                0x000000000000041b       0x34 /opt/st/stm32cubeide_1.10.1/plugins/com.st.stm32cube.ide.mcu.externaltools.gnu-tools-for-stm32.10.3-2021.10.linux64_1.0.0.202111181127/tools/bin/../lib/gcc/arm-none-eabi/10.3.1/../../../../arm-none-eabi/lib/thumb/v7e-m+fp/hard/libc_nano.a(lib_a-impure.o)
 .ARM.attributes
                0x000000000000044f       0x34 /opt/st/stm32cubeide_1.10.1/plugins/com.st.stm32cube.ide.mcu.externaltools.gnu-tools-for-stm32.10.3-2021.10.linux64_1.0.0.202111181127/tools/bin/../lib/gcc/arm-none-eabi/10.3.1/../../../../arm-none-eabi/lib/thumb/v7e-m+fp/hard/libc_nano.a(lib_a-init.o)
 .ARM.attributes
                0x0000000000000483       0x34 /opt/st/stm32cubeide_1.10.1/plugins/com.st.stm32cube.ide.mcu.externaltools.gnu-tools-for-stm32.10.3-2021.10.linux64_1.0.0.202111181127/tools/bin/../lib/gcc/arm-none-eabi/10.3.1/../../../../arm-none-eabi/lib/thumb/v7e-m+fp/hard/libc_nano.a(lib_a-memset.o)
 .ARM.attributes
                0x00000000000004b7       0x34 /opt/st/stm32cubeide_1.10.1/plugins/com.st.stm32cube.ide.mcu.externaltools.gnu-tools-for-stm32.10.3-2021.10.linux64_1.0.0.202111181127/tools/bin/../lib/gcc/arm-none-eabi/10.3.1/../../../../arm-none-eabi/lib/thumb/v7e-m+fp/hard/libc_nano.a(lib_a-printf.o)
 .ARM.attributes
                0x00000000000004eb       0x34 /opt/st/stm32cubeide_1.10.1/plugins/com.st.stm32cube.ide.mcu.externaltools.gnu-tools-for-stm32.10.3-2021.10.linux64_1.0.0.202111181127/tools/bin/../lib/gcc/arm-none-eabi/10.3.1/../../../../arm-none-eabi/lib/thumb/v7e-m+fp/hard/libc_nano.a(lib_a-puts.o)
 .ARM.attributes
                0x000000000000051f       0x34 /opt/st/stm32cubeide_1.10.1/plugins/com.st.stm32cube.ide.mcu.externaltools.gnu-tools-for-stm32.10.3-2021.10.linux64_1.0.0.202111181127/tools/bin/../lib/gcc/arm-none-eabi/10.3.1/../../../../arm-none-eabi/lib/thumb/v7e-m+fp/hard/libc_nano.a(lib_a-sprintf.o)
 .ARM.attributes
                0x0000000000000553       0x34 /opt/st/stm32cubeide_1.10.1/plugins/com.st.stm32cube.ide.mcu.externaltools.gnu-tools-for-stm32.10.3-2021.10.linux64_1.0.0.202111181127/tools/bin/../lib/gcc/arm-none-eabi/10.3.1/../../../../arm-none-eabi/lib/thumb/v7e-m+fp/hard/libc_nano.a(lib_a-strcat.o)
 .ARM.attributes
                0x0000000000000587       0x1c /opt/st/stm32cubeide_1.10.1/plugins/com.st.stm32cube.ide.mcu.externaltools.gnu-tools-for-stm32.10.3-2021.10.linux64_1.0.0.202111181127/tools/bin/../lib/gcc/arm-none-eabi/10.3.1/../../../../arm-none-eabi/lib/thumb/v7e-m+fp/hard/libc_nano.a(lib_a-strcmp.o)
 .ARM.attributes
                0x00000000000005a3       0x17 /opt/st/stm32cubeide_1.10.1/plugins/com.st.stm32cube.ide.mcu.externaltools.gnu-tools-for-stm32.10.3-2021.10.linux64_1.0.0.202111181127/tools/bin/../lib/gcc/arm-none-eabi/10.3.1/../../../../arm-none-eabi/lib/thumb/v7e-m+fp/hard/libc_nano.a(lib_a-strlen.o)
 .ARM.attributes
                0x00000000000005ba       0x34 /opt/st/stm32cubeide_1.10.1/plugins/com.st.stm32cube.ide.mcu.externaltools.gnu-tools-for-stm32.10.3-2021.10.linux64_1.0.0.202111181127/tools/bin/../lib/gcc/arm-none-eabi/10.3.1/../../../../arm-none-eabi/lib/thumb/v7e-m+fp/hard/libc_nano.a(lib_a-wbuf.o)
 .ARM.attributes
                0x00000000000005ee       0x34 /opt/st/stm32cubeide_1.10.1/plugins/com.st.stm32cube.ide.mcu.externaltools.gnu-tools-for-stm32.10.3-2021.10.linux64_1.0.0.202111181127/tools/bin/../lib/gcc/arm-none-eabi/10.3.1/../../../../arm-none-eabi/lib/thumb/v7e-m+fp/hard/libc_nano.a(lib_a-wsetup.o)
 .ARM.attributes
                0x0000000000000622       0x34 /opt/st/stm32cubeide_1.10.1/plugins/com.st.stm32cube.ide.mcu.externaltools.gnu-tools-for-stm32.10.3-2021.10.linux64_1.0.0.202111181127/tools/bin/../lib/gcc/arm-none-eabi/10.3.1/../../../../arm-none-eabi/lib/thumb/v7e-m+fp/hard/libc_nano.a(lib_a-fflush.o)
 .ARM.attributes
                0x0000000000000656       0x34 /opt/st/stm32cubeide_1.10.1/plugins/com.st.stm32cube.ide.mcu.externaltools.gnu-tools-for-stm32.10.3-2021.10.linux64_1.0.0.202111181127/tools/bin/../lib/gcc/arm-none-eabi/10.3.1/../../../../arm-none-eabi/lib/thumb/v7e-m+fp/hard/libc_nano.a(lib_a-findfp.o)
 .ARM.attributes
                0x000000000000068a       0x34 /opt/st/stm32cubeide_1.10.1/plugins/com.st.stm32cube.ide.mcu.externaltools.gnu-tools-for-stm32.10.3-2021.10.linux64_1.0.0.202111181127/tools/bin/../lib/gcc/arm-none-eabi/10.3.1/../../../../arm-none-eabi/lib/thumb/v7e-m+fp/hard/libc_nano.a(lib_a-fwalk.o)
 .ARM.attributes
                0x00000000000006be       0x34 /opt/st/stm32cubeide_1.10.1/plugins/com.st.stm32cube.ide.mcu.externaltools.gnu-tools-for-stm32.10.3-2021.10.linux64_1.0.0.202111181127/tools/bin/../lib/gcc/arm-none-eabi/10.3.1/../../../../arm-none-eabi/lib/thumb/v7e-m+fp/hard/libc_nano.a(lib_a-lock.o)
 .ARM.attributes
                0x00000000000006f2       0x34 /opt/st/stm32cubeide_1.10.1/plugins/com.st.stm32cube.ide.mcu.externaltools.gnu-tools-for-stm32.10.3-2021.10.linux64_1.0.0.202111181127/tools/bin/../lib/gcc/arm-none-eabi/10.3.1/../../../../arm-none-eabi/lib/thumb/v7e-m+fp/hard/libc_nano.a(lib_a-makebuf.o)
 .ARM.attributes
                0x0000000000000726       0x34 /opt/st/stm32cubeide_1.10.1/plugins/com.st.stm32cube.ide.mcu.externaltools.gnu-tools-for-stm32.10.3-2021.10.linux64_1.0.0.202111181127/tools/bin/../lib/gcc/arm-none-eabi/10.3.1/../../../../arm-none-eabi/lib/thumb/v7e-m+fp/hard/libc_nano.a(lib_a-nano-freer.o)
 .ARM.attributes
                0x000000000000075a       0x34 /opt/st/stm32cubeide_1.10.1/plugins/com.st.stm32cube.ide.mcu.externaltools.gnu-tools-for-stm32.10.3-2021.10.linux64_1.0.0.202111181127/tools/bin/../lib/gcc/arm-none-eabi/10.3.1/../../../../arm-none-eabi/lib/thumb/v7e-m+fp/hard/libc_nano.a(lib_a-nano-mallocr.o)
 .ARM.attributes
                0x000000000000078e       0x34 /opt/st/stm32cubeide_1.10.1/plugins/com.st.stm32cube.ide.mcu.externaltools.gnu-tools-for-stm32.10.3-2021.10.linux64_1.0.0.202111181127/tools/bin/../lib/gcc/arm-none-eabi/10.3.1/../../../../arm-none-eabi/lib/thumb/v7e-m+fp/hard/libc_nano.a(lib_a-nano-svfprintf.o)
 .ARM.attributes
                0x00000000000007c2       0x34 /opt/st/stm32cubeide_1.10.1/plugins/com.st.stm32cube.ide.mcu.externaltools.gnu-tools-for-stm32.10.3-2021.10.linux64_1.0.0.202111181127/tools/bin/../lib/gcc/arm-none-eabi/10.3.1/../../../../arm-none-eabi/lib/thumb/v7e-m+fp/hard/libc_nano.a(lib_a-nano-vfprintf.o)
 .ARM.attributes
                0x00000000000007f6       0x34 /opt/st/stm32cubeide_1.10.1/plugins/com.st.stm32cube.ide.mcu.externaltools.gnu-tools-for-stm32.10.3-2021.10.linux64_1.0.0.202111181127/tools/bin/../lib/gcc/arm-none-eabi/10.3.1/../../../../arm-none-eabi/lib/thumb/v7e-m+fp/hard/libc_nano.a(lib_a-nano-vfprintf_i.o)
 .ARM.attributes
                0x000000000000082a       0x34 /opt/st/stm32cubeide_1.10.1/plugins/com.st.stm32cube.ide.mcu.externaltools.gnu-tools-for-stm32.10.3-2021.10.linux64_1.0.0.202111181127/tools/bin/../lib/gcc/arm-none-eabi/10.3.1/../../../../arm-none-eabi/lib/thumb/v7e-m+fp/hard/libc_nano.a(lib_a-sbrkr.o)
 .ARM.attributes
                0x000000000000085e       0x34 /opt/st/stm32cubeide_1.10.1/plugins/com.st.stm32cube.ide.mcu.externaltools.gnu-tools-for-stm32.10.3-2021.10.linux64_1.0.0.202111181127/tools/bin/../lib/gcc/arm-none-eabi/10.3.1/../../../../arm-none-eabi/lib/thumb/v7e-m+fp/hard/libc_nano.a(lib_a-stdio.o)
 .ARM.attributes
                0x0000000000000892       0x34 /opt/st/stm32cubeide_1.10.1/plugins/com.st.stm32cube.ide.mcu.externaltools.gnu-tools-for-stm32.10.3-2021.10.linux64_1.0.0.202111181127/tools/bin/../lib/gcc/arm-none-eabi/10.3.1/../../../../arm-none-eabi/lib/thumb/v7e-m+fp/hard/libc_nano.a(lib_a-writer.o)
 .ARM.attributes
                0x00000000000008c6       0x34 /opt/st/stm32cubeide_1.10.1/plugins/com.st.stm32cube.ide.mcu.externaltools.gnu-tools-for-stm32.10.3-2021.10.linux64_1.0.0.202111181127/tools/bin/../lib/gcc/arm-none-eabi/10.3.1/../../../../arm-none-eabi/lib/thumb/v7e-m+fp/hard/libc_nano.a(lib_a-closer.o)
 .ARM.attributes
                0x00000000000008fa       0x34 /opt/st/stm32cubeide_1.10.1/plugins/com.st.stm32cube.ide.mcu.externaltools.gnu-tools-for-stm32.10.3-2021.10.linux64_1.0.0.202111181127/tools/bin/../lib/gcc/arm-none-eabi/10.3.1/../../../../arm-none-eabi/lib/thumb/v7e-m+fp/hard/libc_nano.a(lib_a-fstatr.o)
 .ARM.attributes
                0x000000000000092e       0x34 /opt/st/stm32cubeide_1.10.1/plugins/com.st.stm32cube.ide.mcu.externaltools.gnu-tools-for-stm32.10.3-2021.10.linux64_1.0.0.202111181127/tools/bin/../lib/gcc/arm-none-eabi/10.3.1/../../../../arm-none-eabi/lib/thumb/v7e-m+fp/hard/libc_nano.a(lib_a-isattyr.o)
 .ARM.attributes
                0x0000000000000962       0x34 /opt/st/stm32cubeide_1.10.1/plugins/com.st.stm32cube.ide.mcu.externaltools.gnu-tools-for-stm32.10.3-2021.10.linux64_1.0.0.202111181127/tools/bin/../lib/gcc/arm-none-eabi/10.3.1/../../../../arm-none-eabi/lib/thumb/v7e-m+fp/hard/libc_nano.a(lib_a-lseekr.o)
 .ARM.attributes
                0x0000000000000996       0x1c /opt/st/stm32cubeide_1.10.1/plugins/com.st.stm32cube.ide.mcu.externaltools.gnu-tools-for-stm32.10.3-2021.10.linux64_1.0.0.202111181127/tools/bin/../lib/gcc/arm-none-eabi/10.3.1/../../../../arm-none-eabi/lib/thumb/v7e-m+fp/hard/libc_nano.a(lib_a-memchr.o)
 .ARM.attributes
                0x00000000000009b2       0x34 /opt/st/stm32cubeide_1.10.1/plugins/com.st.stm32cube.ide.mcu.externaltools.gnu-tools-for-stm32.10.3-2021.10.linux64_1.0.0.202111181127/tools/bin/../lib/gcc/arm-none-eabi/10.3.1/../../../../arm-none-eabi/lib/thumb/v7e-m+fp/hard/libc_nano.a(lib_a-memcpy-stub.o)
 .ARM.attributes
                0x00000000000009e6       0x34 /opt/st/stm32cubeide_1.10.1/plugins/com.st.stm32cube.ide.mcu.externaltools.gnu-tools-for-stm32.10.3-2021.10.linux64_1.0.0.202111181127/tools/bin/../lib/gcc/arm-none-eabi/10.3.1/../../../../arm-none-eabi/lib/thumb/v7e-m+fp/hard/libc_nano.a(lib_a-memmove.o)
 .ARM.attributes
                0x0000000000000a1a       0x34 /opt/st/stm32cubeide_1.10.1/plugins/com.st.stm32cube.ide.mcu.externaltools.gnu-tools-for-stm32.10.3-2021.10.linux64_1.0.0.202111181127/tools/bin/../lib/gcc/arm-none-eabi/10.3.1/../../../../arm-none-eabi/lib/thumb/v7e-m+fp/hard/libc_nano.a(lib_a-mlock.o)
 .ARM.attributes
                0x0000000000000a4e       0x34 /opt/st/stm32cubeide_1.10.1/plugins/com.st.stm32cube.ide.mcu.externaltools.gnu-tools-for-stm32.10.3-2021.10.linux64_1.0.0.202111181127/tools/bin/../lib/gcc/arm-none-eabi/10.3.1/../../../../arm-none-eabi/lib/thumb/v7e-m+fp/hard/libc_nano.a(lib_a-nano-reallocr.o)
 .ARM.attributes
                0x0000000000000a82       0x34 /opt/st/stm32cubeide_1.10.1/plugins/com.st.stm32cube.ide.mcu.externaltools.gnu-tools-for-stm32.10.3-2021.10.linux64_1.0.0.202111181127/tools/bin/../lib/gcc/arm-none-eabi/10.3.1/../../../../arm-none-eabi/lib/thumb/v7e-m+fp/hard/libc_nano.a(lib_a-readr.o)
 .ARM.attributes
                0x0000000000000ab6       0x34 /opt/st/stm32cubeide_1.10.1/plugins/com.st.stm32cube.ide.mcu.externaltools.gnu-tools-for-stm32.10.3-2021.10.linux64_1.0.0.202111181127/tools/bin/../lib/gcc/arm-none-eabi/10.3.1/../../../../arm-none-eabi/lib/thumb/v7e-m+fp/hard/libc_nano.a(lib_a-reent.o)
 .ARM.attributes
                0x0000000000000aea       0x34 /opt/st/stm32cubeide_1.10.1/plugins/com.st.stm32cube.ide.mcu.externaltools.gnu-tools-for-stm32.10.3-2021.10.linux64_1.0.0.202111181127/tools/bin/../lib/gcc/arm-none-eabi/10.3.1/../../../../arm-none-eabi/lib/thumb/v7e-m+fp/hard/libc_nano.a(lib_a-nano-msizer.o)
 .ARM.attributes
                0x0000000000000b1e       0x1e /opt/st/stm32cubeide_1.10.1/plugins/com.st.stm32cube.ide.mcu.externaltools.gnu-tools-for-stm32.10.3-2021.10.linux64_1.0.0.202111181127/tools/bin/../lib/gcc/arm-none-eabi/10.3.1/thumb/v7e-m+fp/hard/libgcc.a(_aeabi_uldivmod.o)
 .ARM.attributes
                0x0000000000000b3c       0x34 /opt/st/stm32cubeide_1.10.1/plugins/com.st.stm32cube.ide.mcu.externaltools.gnu-tools-for-stm32.10.3-2021.10.linux64_1.0.0.202111181127/tools/bin/../lib/gcc/arm-none-eabi/10.3.1/thumb/v7e-m+fp/hard/libgcc.a(_udivmoddi4.o)
 .ARM.attributes
                0x0000000000000b70       0x1e /opt/st/stm32cubeide_1.10.1/plugins/com.st.stm32cube.ide.mcu.externaltools.gnu-tools-for-stm32.10.3-2021.10.linux64_1.0.0.202111181127/tools/bin/../lib/gcc/arm-none-eabi/10.3.1/thumb/v7e-m+fp/hard/libgcc.a(_dvmd_tls.o)
 .ARM.attributes
                0x0000000000000b8e       0x1e /opt/st/stm32cubeide_1.10.1/plugins/com.st.stm32cube.ide.mcu.externaltools.gnu-tools-for-stm32.10.3-2021.10.linux64_1.0.0.202111181127/tools/bin/../lib/gcc/arm-none-eabi/10.3.1/thumb/v7e-m+fp/hard/crtn.o
OUTPUT(TP_Bus_reseaux.elf elf32-littlearm)
LOAD linker stubs
LOAD /opt/st/stm32cubeide_1.10.1/plugins/com.st.stm32cube.ide.mcu.externaltools.gnu-tools-for-stm32.10.3-2021.10.linux64_1.0.0.202111181127/tools/bin/../lib/gcc/arm-none-eabi/10.3.1/../../../../arm-none-eabi/lib/thumb/v7e-m+fp/hard/libc.a
LOAD /opt/st/stm32cubeide_1.10.1/plugins/com.st.stm32cube.ide.mcu.externaltools.gnu-tools-for-stm32.10.3-2021.10.linux64_1.0.0.202111181127/tools/bin/../lib/gcc/arm-none-eabi/10.3.1/../../../../arm-none-eabi/lib/thumb/v7e-m+fp/hard/libm.a
LOAD /opt/st/stm32cubeide_1.10.1/plugins/com.st.stm32cube.ide.mcu.externaltools.gnu-tools-for-stm32.10.3-2021.10.linux64_1.0.0.202111181127/tools/bin/../lib/gcc/arm-none-eabi/10.3.1/thumb/v7e-m+fp/hard/libgcc.a

.debug_info     0x0000000000000000    0x1358e
 .debug_info    0x0000000000000000     0x2181 ./Core/Src/main.o
 .debug_info    0x0000000000002181     0x18eb ./Core/Src/stm32f4xx_hal_msp.o
 .debug_info    0x0000000000003a6c      0x76e ./Core/Src/stm32f4xx_it.o
 .debug_info    0x00000000000041da      0x6e0 ./Core/Src/syscalls.o
 .debug_info    0x00000000000048ba      0x171 ./Core/Src/sysmem.o
 .debug_info    0x0000000000004a2b      0x55b ./Core/Src/system_stm32f4xx.o
 .debug_info    0x0000000000004f86       0x22 ./Core/Startup/startup_stm32f446retx.o
 .debug_info    0x0000000000004fa8      0x9d2 ./Drivers/STM32F4xx_HAL_Driver/Src/stm32f4xx_hal.o
 .debug_info    0x000000000000597a      0xfc6 ./Drivers/STM32F4xx_HAL_Driver/Src/stm32f4xx_hal_can.o
 .debug_info    0x0000000000006940      0xe39 ./Drivers/STM32F4xx_HAL_Driver/Src/stm32f4xx_hal_cortex.o
 .debug_info    0x0000000000007779      0x94f ./Drivers/STM32F4xx_HAL_Driver/Src/stm32f4xx_hal_dma.o
 .debug_info    0x00000000000080c8      0x7be ./Drivers/STM32F4xx_HAL_Driver/Src/stm32f4xx_hal_gpio.o
 .debug_info    0x0000000000008886     0x2617 ./Drivers/STM32F4xx_HAL_Driver/Src/stm32f4xx_hal_i2c.o
 .debug_info    0x000000000000ae9d      0x9ab ./Drivers/STM32F4xx_HAL_Driver/Src/stm32f4xx_hal_rcc.o
 .debug_info    0x000000000000b848      0x9ec ./Drivers/STM32F4xx_HAL_Driver/Src/stm32f4xx_hal_rcc_ex.o
 .debug_info    0x000000000000c234     0x2bbe ./Drivers/STM32F4xx_HAL_Driver/Src/stm32f4xx_hal_tim.o
 .debug_info    0x000000000000edf2     0x15e0 ./Drivers/STM32F4xx_HAL_Driver/Src/stm32f4xx_hal_tim_ex.o
 .debug_info    0x00000000000103d2     0x31bc ./Drivers/STM32F4xx_HAL_Driver/Src/stm32f4xx_hal_uart.o

.debug_abbrev   0x0000000000000000     0x25a4
 .debug_abbrev  0x0000000000000000      0x381 ./Core/Src/main.o
 .debug_abbrev  0x0000000000000381      0x2a7 ./Core/Src/stm32f4xx_hal_msp.o
 .debug_abbrev  0x0000000000000628      0x184 ./Core/Src/stm32f4xx_it.o
 .debug_abbrev  0x00000000000007ac      0x1b3 ./Core/Src/syscalls.o
 .debug_abbrev  0x000000000000095f       0xbb ./Core/Src/sysmem.o
 .debug_abbrev  0x0000000000000a1a      0x116 ./Core/Src/system_stm32f4xx.o
 .debug_abbrev  0x0000000000000b30       0x12 ./Core/Startup/startup_stm32f446retx.o
 .debug_abbrev  0x0000000000000b42      0x20d ./Drivers/STM32F4xx_HAL_Driver/Src/stm32f4xx_hal.o
 .debug_abbrev  0x0000000000000d4f      0x22e ./Drivers/STM32F4xx_HAL_Driver/Src/stm32f4xx_hal_can.o
 .debug_abbrev  0x0000000000000f7d      0x316 ./Drivers/STM32F4xx_HAL_Driver/Src/stm32f4xx_hal_cortex.o
 .debug_abbrev  0x0000000000001293      0x25b ./Drivers/STM32F4xx_HAL_Driver/Src/stm32f4xx_hal_dma.o
 .debug_abbrev  0x00000000000014ee      0x1c4 ./Drivers/STM32F4xx_HAL_Driver/Src/stm32f4xx_hal_gpio.o
 .debug_abbrev  0x00000000000016b2      0x297 ./Drivers/STM32F4xx_HAL_Driver/Src/stm32f4xx_hal_i2c.o
 .debug_abbrev  0x0000000000001949      0x2aa ./Drivers/STM32F4xx_HAL_Driver/Src/stm32f4xx_hal_rcc.o
 .debug_abbrev  0x0000000000001bf3      0x1fb ./Drivers/STM32F4xx_HAL_Driver/Src/stm32f4xx_hal_rcc_ex.o
 .debug_abbrev  0x0000000000001dee      0x25d ./Drivers/STM32F4xx_HAL_Driver/Src/stm32f4xx_hal_tim.o
 .debug_abbrev  0x000000000000204b      0x265 ./Drivers/STM32F4xx_HAL_Driver/Src/stm32f4xx_hal_tim_ex.o
 .debug_abbrev  0x00000000000022b0      0x2f4 ./Drivers/STM32F4xx_HAL_Driver/Src/stm32f4xx_hal_uart.o

.debug_aranges  0x0000000000000000     0x11b0
 .debug_aranges
                0x0000000000000000       0xc0 ./Core/Src/main.o
 .debug_aranges
                0x00000000000000c0       0x68 ./Core/Src/stm32f4xx_hal_msp.o
 .debug_aranges
                0x0000000000000128       0x70 ./Core/Src/stm32f4xx_it.o
 .debug_aranges
                0x0000000000000198       0xa8 ./Core/Src/syscalls.o
 .debug_aranges
                0x0000000000000240       0x20 ./Core/Src/sysmem.o
 .debug_aranges
                0x0000000000000260       0x28 ./Core/Src/system_stm32f4xx.o
 .debug_aranges
                0x0000000000000288       0x28 ./Core/Startup/startup_stm32f446retx.o
 .debug_aranges
                0x00000000000002b0       0xf0 ./Drivers/STM32F4xx_HAL_Driver/Src/stm32f4xx_hal.o
 .debug_aranges
                0x00000000000003a0      0x138 ./Drivers/STM32F4xx_HAL_Driver/Src/stm32f4xx_hal_can.o
 .debug_aranges
                0x00000000000004d8      0x118 ./Drivers/STM32F4xx_HAL_Driver/Src/stm32f4xx_hal_cortex.o
 .debug_aranges
                0x00000000000005f0       0x90 ./Drivers/STM32F4xx_HAL_Driver/Src/stm32f4xx_hal_dma.o
 .debug_aranges
                0x0000000000000680       0x58 ./Drivers/STM32F4xx_HAL_Driver/Src/stm32f4xx_hal_gpio.o
 .debug_aranges
                0x00000000000006d8      0x2a0 ./Drivers/STM32F4xx_HAL_Driver/Src/stm32f4xx_hal_i2c.o
 .debug_aranges
                0x0000000000000978       0x88 ./Drivers/STM32F4xx_HAL_Driver/Src/stm32f4xx_hal_rcc.o
 .debug_aranges
                0x0000000000000a00       0x78 ./Drivers/STM32F4xx_HAL_Driver/Src/stm32f4xx_hal_rcc_ex.o
 .debug_aranges
                0x0000000000000a78      0x3d0 ./Drivers/STM32F4xx_HAL_Driver/Src/stm32f4xx_hal_tim.o
 .debug_aranges
                0x0000000000000e48      0x168 ./Drivers/STM32F4xx_HAL_Driver/Src/stm32f4xx_hal_tim_ex.o
 .debug_aranges
                0x0000000000000fb0      0x200 ./Drivers/STM32F4xx_HAL_Driver/Src/stm32f4xx_hal_uart.o

.debug_ranges   0x0000000000000000     0x10e0
 .debug_ranges  0x0000000000000000       0xb0 ./Core/Src/main.o
 .debug_ranges  0x00000000000000b0       0x58 ./Core/Src/stm32f4xx_hal_msp.o
 .debug_ranges  0x0000000000000108       0x60 ./Core/Src/stm32f4xx_it.o
 .debug_ranges  0x0000000000000168       0x98 ./Core/Src/syscalls.o
 .debug_ranges  0x0000000000000200       0x10 ./Core/Src/sysmem.o
 .debug_ranges  0x0000000000000210       0x18 ./Core/Src/system_stm32f4xx.o
 .debug_ranges  0x0000000000000228       0x20 ./Core/Startup/startup_stm32f446retx.o
 .debug_ranges  0x0000000000000248       0xe0 ./Drivers/STM32F4xx_HAL_Driver/Src/stm32f4xx_hal.o