../Core/Src/main.c:91:6:configBMP280	24	static
../Core/Src/main.c:101:6:id_BMP280	16	static
../Core/Src/main.c:112:6:etalonnageBMP280	48	static
../Core/Src/main.c:146:14:bmp280_compensate_T_int32	32	static
../Core/Src/main.c:158:14:bmp280_compensate_P_int32	32	static
../Core/Src/main.c:187:6:read_temp	32	static
../Core/Src/main.c:220:6:read_press	32	static
../Core/Src/main.c:246:5:main	8	static
../Core/Src/main.c:364:6:SystemClock_Config	88	static
../Core/Src/main.c:412:13:MX_CAN1_Init	8	static
../Core/Src/main.c:449:13:MX_I2C1_Init	8	static
../Core/Src/main.c:483:13:MX_USART2_UART_Init	8	static
../Core/Src/main.c:516:13:MX_USART3_UART_Init	8	static
../Core/Src/main.c:549:13:MX_GPIO_Init	48	static
../Core/Src/main.c:585:6:Error_Handler	4	static,ignoring_inline_asm
