../Core/Src/main.c:100:6:configBMP280	24	static
../Core/Src/main.c:110:6:id_BMP280	16	static
../Core/Src/main.c:121:6:etalonnageBMP280	48	static
../Core/Src/main.c:155:14:bmp280_compensate_T_int32	32	static
../Core/Src/main.c:167:14:bmp280_compensate_P_int32	32	static
../Core/Src/main.c:196:6:read_temp	32	static
../Core/Src/main.c:229:6:HAL_TIM_PeriodElapsedCallback	16	static
../Core/Src/main.c:248:5:main	8	static
../Core/Src/main.c:394:6:SystemClock_Config	88	static
../Core/Src/main.c:442:13:MX_CAN1_Init	8	static
../Core/Src/main.c:479:13:MX_I2C1_Init	8	static
../Core/Src/main.c:513:13:MX_TIM13_Init	8	static
../Core/Src/main.c:544:13:MX_USART2_UART_Init	8	static
../Core/Src/main.c:577:13:MX_USART3_UART_Init	8	static
../Core/Src/main.c:610:13:MX_GPIO_Init	48	static
../Core/Src/main.c:646:6:Error_Handler	4	static,ignoring_inline_asm
